[INFO] [launch]: All log files can be found below diagnostics/research_baseline_no_contact_alignment_v1/ros_logs/2026-06-01-22-10-10-217334-DESKTOP-GVPFGND-14008
[INFO] [launch]: Default logging verbosity is set to INFO
[INFO] [launch.user]: Phase 2B unified research baseline: launching Gazebo world peg_in_hole_description/worlds/peg_in_hole_world.sdf (/home/omar/code/robotics_project/ros2_ws/install/peg_in_hole_description/share/peg_in_hole_description/worlds/peg_in_hole_world.sdf)
[INFO] [launch.user]: Phase 2B unified research baseline: spawning robot kuka_lbr_iisy using project robot description peg_in_hole_description/urdf/lbr_iisy6_r1300_research_gripper.urdf.xacro for KUKA model lbr_iisy6_r1300 (family: lbr_iisy) at xyz/rpy [0.80, -0.75, 0.735, 0, 0, 1.5708]
[INFO] [launch.user]: Phase 2B unified research baseline: task peg_in_hole uses table frame work_table, target frame hole_center, insertion axis z
[INFO] [launch.user]: Phase 2B unified research baseline: expected controller stack is joint_state_broadcaster + joint_trajectory_controller
[INFO] [launch.user]: Phase 2B unified research baseline: Gazebo initial arm safe_home joint pose is [0.0, -0.8, 1.2, 0.0, 0.8, 0.0]
[INFO] [robot_state_publisher-1]: process started with pid [14012]
[INFO] [gzserver-2]: process started with pid [14013]
[INFO] [spawn_robot_sdf-3]: process started with pid [14014]
[INFO] [bridge_node-4]: process started with pid [14015]
[INFO] [bridge_node-5]: process started with pid [14016]
[INFO] [bridge_node-6]: process started with pid [14017]
[INFO] [data_logger_node-7]: process started with pid [14018]
[robot_state_publisher-1] [INFO] [1780341011.623415819] [robot_state_publisher]: Robot initialized
[gzserver-2] [1;32m[Msg] [0m[1;32mLoading SDF world file[[0m[1;32m/home/omar/code/robotics_project/ros2_ws/install/peg_in_hole_description/share/peg_in_hole_description/worlds/peg_in_hole_world.sdf[0m[1;32m].[0m
[gzserver-2] [1;33mWarning [Utils.cc:132][0m [/sdf/world[@name="peg_in_hole_world"]/model[@name="d405_rgbd_camera"]/link[@name="camera_link"]/visual[@name="camera_visual"]/geometry/box[@size="0.03 0.025 0.02"]:/home/omar/code/robotics_project/ros2_ws/install/peg_in_hole_description/share/peg_in_hole_description/worlds/peg_in_hole_world.sdf:L117]: XML Attribute[size] in element[box] not defined in SDF.
[gzserver-2] [1;33m[Wrn] [SystemLoader.cc:75] [0m[1;33mTrying to load deprecated plugin [[0m[1;33mignition-gazebo-physics-system[0m[1;33m]. Using [[0m[1;33mgz-sim-physics-system[0m[1;33m] instead.[0m[1;33m[0m
[gzserver-2] [1;33m[Wrn] [SystemLoader.cc:75] [0m[1;33mTrying to load deprecated plugin [[0m[1;33mignition-gazebo-user-commands-system[0m[1;33m]. Using [[0m[1;33mgz-sim-user-commands-system[0m[1;33m] instead.[0m[1;33m[0m
[gzserver-2] [1;33m[Wrn] [SystemLoader.cc:75] [0m[1;33mTrying to load deprecated plugin [[0m[1;33mignition-gazebo-scene-broadcaster-system[0m[1;33m]. Using [[0m[1;33mgz-sim-scene-broadcaster-system[0m[1;33m] instead.[0m[1;33m[0m
[gzserver-2] [1;32m[Msg] [0m[1;32mServing entity system service on [[0m[1;32m/[0m[1;32mentity/system/add[0m[1;32m][0m[1;32m[0m
[gzserver-2] [1;36m[Dbg] [Physics.cc:906] [0m[1;36mLoaded [[0m[1;36mgz::physics::dartsim::Plugin[0m[1;36m] from library [[0m[1;36m/opt/ros/jazzy/opt/gz_physics_vendor/lib/gz-physics-7/engine-plugins/libgz-physics-dartsim-plugin.so[0m[1;36m][0m[1;36m[0m
[gzserver-2] [1;36m[Dbg] [SystemManager.cc:80] [0m[1;36mLoaded system [[0m[1;36mgz::sim::systems::Physics[0m[1;36m] for entity [[0m[1;36m1[0m[1;36m][0m[1;36m[0m
[gzserver-2] [1;32m[Msg] [0m[1;32mCreate[0m[1;32m service on [[0m[1;32m/world/peg_in_hole_world/create_multiple[0m[1;32m] (async)[0m[1;32m[0m
[gzserver-2] [1;32m[Msg] [0m[1;32mCreate[0m[1;32m service on [[0m[1;32m/world/peg_in_hole_world/create_multiple/blocking[0m[1;32m] (blocking)[0m[1;32m[0m
[gzserver-2] [1;32m[Msg] [0m[1;32mRemove[0m[1;32m service on [[0m[1;32m/world/peg_in_hole_world/remove[0m[1;32m] (async)[0m[1;32m[0m
[gzserver-2] [1;32m[Msg] [0m[1;32mRemove[0m[1;32m service on [[0m[1;32m/world/peg_in_hole_world/remove/blocking[0m[1;32m] (blocking)[0m[1;32m[0m
[gzserver-2] [1;32m[Msg] [0m[1;32mPose[0m[1;32m service on [[0m[1;32m/world/peg_in_hole_world/set_pose[0m[1;32m] (async)[0m[1;32m[0m
[gzserver-2] [1;32m[Msg] [0m[1;32mPose[0m[1;32m service on [[0m[1;32m/world/peg_in_hole_world/set_pose/blocking[0m[1;32m] (blocking)[0m[1;32m[0m
[gzserver-2] [1;32m[Msg] [0m[1;32mPose[0m[1;32m service on [[0m[1;32m/world/peg_in_hole_world/set_pose_vector[0m[1;32m] (async)[0m[1;32m[0m
[gzserver-2] [1;32m[Msg] [0m[1;32mPose[0m[1;32m service on [[0m[1;32m/world/peg_in_hole_world/set_pose_vector/blocking[0m[1;32m] (blocking)[0m[1;32m[0m
[gzserver-2] [1;32m[Msg] [0m[1;32mLight configuration[0m[1;32m service on [[0m[1;32m/world/peg_in_hole_world/light_config[0m[1;32m] (async)[0m[1;32m[0m
[gzserver-2] [1;32m[Msg] [0m[1;32mLight configuration[0m[1;32m service on [[0m[1;32m/world/peg_in_hole_world/light_config/blocking[0m[1;32m] (blocking)[0m[1;32m[0m
[gzserver-2] [1;32m[Msg] [0m[1;32mPhysics[0m[1;32m service on [[0m[1;32m/world/peg_in_hole_world/set_physics[0m[1;32m] (async)[0m[1;32m[0m
[gzserver-2] [1;32m[Msg] [0m[1;32mPhysics[0m[1;32m service on [[0m[1;32m/world/peg_in_hole_world/set_physics/blocking[0m[1;32m] (blocking)[0m[1;32m[0m
[gzserver-2] [1;32m[Msg] [0m[1;32mSphericalCoordinates[0m[1;32m service on [[0m[1;32m/world/peg_in_hole_world/set_spherical_coordinates[0m[1;32m] (async)[0m[1;32m[0m
[gzserver-2] [1;32m[Msg] [0m[1;32mSphericalCoordinates[0m[1;32m service on [[0m[1;32m/world/peg_in_hole_world/set_spherical_coordinates/blocking[0m[1;32m] (blocking)[0m[1;32m[0m
[gzserver-2] [1;32m[Msg] [0m[1;32mEnable collision[0m[1;32m service on [[0m[1;32m/world/peg_in_hole_world/enable_collision[0m[1;32m] (async)[0m[1;32m[0m
[gzserver-2] [1;32m[Msg] [0m[1;32mEnable collision[0m[1;32m service on [[0m[1;32m/world/peg_in_hole_world/enable_collision/blocking[0m[1;32m] (blocking)[0m[1;32m[0m
[gzserver-2] [1;32m[Msg] [0m[1;32mDisable collision[0m[1;32m service on [[0m[1;32m/world/peg_in_hole_world/disable_collision[0m[1;32m] (async)[0m[1;32m[0m
[gzserver-2] [1;32m[Msg] [0m[1;32mDisable collision[0m[1;32m service on [[0m[1;32m/world/peg_in_hole_world/disable_collision/blocking[0m[1;32m] (blocking)[0m[1;32m[0m
[gzserver-2] [1;32m[Msg] [0m[1;32mMaterial[0m[1;32m service on [[0m[1;32m/world/peg_in_hole_world/visual_config[0m[1;32m] (async)[0m[1;32m[0m
[gzserver-2] [1;32m[Msg] [0m[1;32mMaterial[0m[1;32m service on [[0m[1;32m/world/peg_in_hole_world/visual_config/blocking[0m[1;32m] (blocking)[0m[1;32m[0m
[gzserver-2] [1;32m[Msg] [0m[1;32mMaterial[0m[1;32m service on [[0m[1;32m/world/peg_in_hole_world/wheel_slip[0m[1;32m] (async)[0m[1;32m[0m
[gzserver-2] [1;32m[Msg] [0m[1;32mMaterial[0m[1;32m service on [[0m[1;32m/world/peg_in_hole_world/wheel_slip/blocking[0m[1;32m] (blocking)[0m[1;32m[0m
[gzserver-2] [1;36m[Dbg] [SystemManager.cc:80] [0m[1;36mLoaded system [[0m[1;36mgz::sim::systems::UserCommands[0m[1;36m] for entity [[0m[1;36m1[0m[1;36m][0m[1;36m[0m
[gzserver-2] [1;33m[Wrn] [SystemLoader.cc:75] [0m[1;33mTrying to load deprecated plugin [[0m[1;33mignition-gazebo-contact-system[0m[1;33m]. Using [[0m[1;33mgz-sim-contact-system[0m[1;33m] instead.[0m[1;33m[0m
[gzserver-2] [1;33m[Wrn] [SystemLoader.cc:75] [0m[1;33mTrying to load deprecated plugin [[0m[1;33mignition-gazebo-sensors-system[0m[1;33m]. Using [[0m[1;33mgz-sim-sensors-system[0m[1;33m] instead.[0m[1;33m[0m
[data_logger_node-7] [INFO] [1780341012.038233607] [data_logger_node]: DataLoggerNode started.  Writing to /tmp/thesis_logs/insertion_log_20260601_221012.csv  (rate=50.0 Hz)
[spawn_robot_sdf-3] [INFO] [1780341012.214251620] [ros_gz_sim]: Requesting list of world names.
[spawn_robot_sdf-3] [INFO] [1780341012.417363174] [ros_gz_sim]: Entity creation successful.
[spawn_robot_sdf-3] 
[INFO] [spawn_robot_sdf-3]: process has finished cleanly [pid 14014]
[INFO] [spawner-8]: process started with pid [14156]
[bridge_node-5] [INFO] [1780341012.651015620] [contact_ros_gz_bridge]: Creating GZ->ROS Bridge: [/gazebo/contacts/peg (gz.msgs.Contacts) -> /gazebo/contacts/peg (ros_gz_interfaces/msg/Contacts)] (Lazy 0)
[bridge_node-6] [INFO] [1780341012.653244116] [ft_sensor_bridge]: Creating GZ->ROS Bridge: [/world/peg_in_hole_world/model/lbr_iisy6_r1300/joint/ft_sensor_joint/sensor/ft_sensor/forcetorque (gz.msgs.Wrench) -> /world/peg_in_hole_world/model/lbr_iisy6_r1300/joint/ft_sensor_joint/sensor/ft_sensor/forcetorque (geometry_msgs/msg/Wrench)] (Lazy 0)
[bridge_node-5] [INFO] [1780341012.654215315] [contact_ros_gz_bridge]: Creating GZ->ROS Bridge: [/gazebo/contacts/hole (gz.msgs.Contacts) -> /gazebo/contacts/hole (ros_gz_interfaces/msg/Contacts)] (Lazy 0)
[bridge_node-5] [INFO] [1780341012.654900213] [contact_ros_gz_bridge]: Creating GZ->ROS Bridge: [/gazebo/contacts/target (gz.msgs.Contacts) -> /gazebo/contacts/target (ros_gz_interfaces/msg/Contacts)] (Lazy 0)
[bridge_node-4] [INFO] [1780341012.659223105] [ros_gz_bridge]: Creating GZ->ROS Bridge: [/clock (gz.msgs.Clock) -> /clock (rosgraph_msgs/msg/Clock)] (Lazy 0)
[bridge_node-4] [INFO] [1780341012.661190502] [ros_gz_bridge]: Creating GZ->ROS Bridge: [/joint_states (gz.msgs.Model) -> /joint_states (sensor_msgs/msg/JointState)] (Lazy 0)
[bridge_node-4] [INFO] [1780341012.664729395] [ros_gz_bridge]: Creating ROS->GZ Bridge: [/cmd_vel (geometry_msgs/msg/Twist) -> /cmd_vel (gz.msgs.Twist)] (Lazy 0)
[bridge_node-4] [INFO] [1780341012.666608692] [ros_gz_bridge]: Creating GZ->ROS Bridge: [/d405/color/image_raw (gz.msgs.Image) -> /d405/color/image_raw (sensor_msgs/msg/Image)] (Lazy 0)
[bridge_node-4] [INFO] [1780341012.668031289] [ros_gz_bridge]: Creating GZ->ROS Bridge: [/d405/depth/image_rect_raw (gz.msgs.Image) -> /d405/depth/image_rect_raw (sensor_msgs/msg/Image)] (Lazy 0)
[bridge_node-4] [INFO] [1780341012.668966988] [ros_gz_bridge]: Creating GZ->ROS Bridge: [/d405/depth/camera_info (gz.msgs.CameraInfo) -> /d405/depth/camera_info (sensor_msgs/msg/CameraInfo)] (Lazy 0)
[bridge_node-4] [INFO] [1780341012.670461985] [ros_gz_bridge]: Creating GZ->ROS Bridge: [/d405/color/camera_info (gz.msgs.CameraInfo) -> /d405/color/camera_info (sensor_msgs/msg/CameraInfo)] (Lazy 0)
[spawner-8] [INFO] [1780341012.933811604] [joint_state_broadcaster_spawner]: waiting for service /controller_manager/list_controllers to become available...
[gzserver-2] [1;36m[Dbg] [SystemManager.cc:80] [0m[1;36mLoaded system [[0m[1;36mgz::sim::systems::SceneBroadcaster[0m[1;36m] for entity [[0m[1;36m1[0m[1;36m][0m[1;36m[0m
[gzserver-2] [1;36m[Dbg] [SystemManager.cc:80] [0m[1;36mLoaded system [[0m[1;36mgz::sim::systems::Contact[0m[1;36m] for entity [[0m[1;36m1[0m[1;36m][0m[1;36m[0m
[gzserver-2] [1;36m[Dbg] [Sensors.cc:697] [0m[1;36mConfiguring Sensors system[0m[1;36m[0m
[gzserver-2] [1;36m[Dbg] [Sensors.cc:557] [0m[1;36mSensorsPrivate::Run[0m[1;36m[0m
[gzserver-2] [1;36m[Dbg] [SystemManager.cc:80] [0m[1;36mLoaded system [[0m[1;36mgz::sim::systems::Sensors[0m[1;36m] for entity [[0m[1;36m] for entity [[0m[1;36mSensorsPrivate::RenderThread started[0m[1;36m[0m
[gzserver-2] [1;36m1[0m[1;36m][0m[1;36m[0m
[gzserver-2] [1;36m[Dbg] [Sensors.cc:337] [0m[1;36mWaiting for init[0m[1;36m[0m
[gzserver-2] [1;36m[Dbg] [SystemManager.cc:80] [0m[1;36mLoaded system [[0m[1;36mgz::sim::systems::ForceTorque[0m[1;36m] for entity [[0m[1;36m1[0m[1;36m][0m[1;36m[0m
[gzserver-2] [1;32m[Msg] [0m[1;32mLoaded level [[0m[1;32mdefault[0m[1;32m][0m[1;32m[0m
[gzserver-2] [1;32m[Msg] [0m[1;32mServing world controls on [[0m[1;32m/world/peg_in_hole_world[0m[1;32m/control], [[0m[1;32m/world/peg_in_hole_world[0m[1;32m/control/state] and [[0m[1;32m/world/peg_in_hole_world[0m[1;32m/playback/control][0m[1;32m[0m
[gzserver-2] [1;32m[Msg] [0m[1;32mServing GUI information on [[0m[1;32m/world/peg_in_hole_world[0m[1;32m/[0m[1;32mgui/info[0m[1;32m][0m[1;32m[0m
[gzserver-2] [1;32m[Msg] [0m[1;32mWorld [[0m[1;32mpeg_in_hole_world[0m[1;32m] initialized with [[0m[1;32m1ms[0m[1;32m] physics profile.[0m[1;32m[0m
[gzserver-2] [1;32m[Msg] [0m[1;32mServing world SDF generation service on [[0m[1;32m/world/peg_in_hole_world[0m[1;32m/[0m[1;32mgenerate_world_sdf[0m[1;32m][0m[1;32m[0m
[gzserver-2] [1;32m[Msg] [0m[1;32mServing world names on [[0m[1;32m/gazebo/worlds[0m[1;32m][0m[1;32m[0m
[gzserver-2] [1;32m[Msg] [0m[1;32mResource path add service on [[0m[1;32m/gazebo/resource_paths/add[0m[1;32m].[0m[1;32m[0m
[gzserver-2] [1;32m[Msg] [0m[1;32mResource path get service on [[0m[1;32m/gazebo/resource_paths/get[0m[1;32m].[0m[1;32m[0m
[gzserver-2] [1;32m[Msg] [0m[1;32mResource path resolve service on [[0m[1;32m/gazebo/resource_paths/resolve[0m[1;32m].[0m[1;32m[0m
[gzserver-2] [1;32m[Msg] [0m[1;32mResource paths published on [[0m[1;32m/gazebo/resource_paths[0m[1;32m].[0m[1;32m[0m
[gzserver-2] [1;32m[Msg] [0m[1;32mServer control service on [[0m[1;32m/server_control[0m[1;32m].[0m[1;32m[0m
[gzserver-2] [1;32m[Msg] [0m[1;32mFound no publishers on /stats, adding root stats topic[0m[1;32m[0m
[gzserver-2] [1;32m[Msg] [0m[1;32mFound no publishers on /clock, adding root clock topic[0m[1;32m[0m
[gzserver-2] [1;36m[Dbg] [SimulationRunner.cc:551] [0m[1;36mCreating PostUpdate worker threads: [0m[1;36m5[0m[1;36m[0m
[gzserver-2] [1;36m[Dbg] [SimulationRunner.cc:562] [0m[1;36mCreating postupdate worker thread ([0m[1;36m0[0m[1;36m)[0m[1;36m[0m
[gzserver-2] [1;36m[Dbg] [SimulationRunner.cc:562] [0m[1;36mCreating postupdate worker thread ([0m[1;36m1[0m[1;36m)[0m[1;36m[0m
[gzserver-2] [1;36m[Dbg] [SimulationRunner.cc:562] [0m[1;36mCreating postupdate worker thread ([0m[1;36m2[0m[1;36m)[0m[1;36m[0m
[gzserver-2] [1;36m[Dbg] [SimulationRunner.cc:562] [0m[1;36mCreating postupdate worker thread ([0m[1;36m3[0m[1;36m)[0m[1;36m[0m
[gzserver-2] [1;33mWarning [Utils.cc:132][0m [/sdf/model[@name="lbr_iisy6_r1300_research_gripper"]/joint[@name="joint_1"]/axis/initial_position:<data-string>:L64]: XML Element[initial_position], child of element[axis], not defined in SDF. Copying[initial_position] as children of [axis].
[gzserver-2] [1;33mWarning [Utils.cc:132][0m [/sdf/model[@name="lbr_iisy6_r1300_research_gripper"]/joint[@name="joint_2"]/axis/initial_position:<data-string>:L121]: XML Element[initial_position], child of element[axis], not defined in SDF. Copying[initial_position] as children of [axis].
[gzserver-2] [1;33mWarning [Utils.cc:132][0m [/sdf/model[@name="lbr_iisy6_r1300_research_gripper"]/joint[@name="joint_3"]/axis/initial_position:<data-string>:L178]: XML Element[initial_position], child of element[axis], not defined in SDF. Copying[initial_position] as children of [axis].
[gzserver-2] [1;33mWarning [Utils.cc:132][0m [/sdf/model[@name="lbr_iisy6_r1300_research_gripper"]/joint[@name="joint_4"]/axis/initial_position:<data-string>:L235]: XML Element[initial_position], child of element[axis], not defined in SDF. Copying[initial_position] as children of [axis].
[gzserver-2] [1;33mWarning [Utils.cc:132][0m [/sdf/model[@name="lbr_iisy6_r1300_research_gripper"]/joint[@name="joint_5"]/axis/initial_position:<data-string>:L292]: XML Element[initial_position], child of element[axis], not defined in SDF. Copying[initial_position] as children of [axis].
[gzserver-2] [1;33mWarning [Utils.cc:132][0m [/sdf/model[@name="lbr_iisy6_r1300_research_gripper"]/joint[@name="joint_6"]/axis/initial_position:<data-string>:L349]: XML Element[initial_position], child of element[axis], not defined in SDF. Copying[initial_position] as children of [axis].
[gzserver-2] [INFO] [1780341013.756558701] [gz_ros_control]: [gz_ros2_control] Fixed joint [world-base_link] (Entity=86)] is skipped
[gzserver-2] [INFO] [1780341013.759058496] [gz_ros_control]: Loading controller_manager
[gzserver-2] [INFO] [1780341013.779820058] [controller_manager]: Using ROS clock for triggering controller manager cycles.
[gzserver-2] [INFO] [1780341013.783454051] [controller_manager]: Subscribing to '/robot_description' topic for robot description.
[gzserver-2] [WARN] [1780341013.787675244] [gz_ros_control]: Waiting RM to load and initialize hardware...
[gzserver-2] [INFO] [1780341013.794121932] [controller_manager]: Received robot description from topic.
[gzserver-2] [INFO] [1780341013.794168332] [controller_manager]: Enforcing command limits is disabled. Command limits from URDF will be ignored.
[gzserver-2] [INFO] [1780341013.797513426] [gz_ros_control]: The position_proportional_gain has been set to: 1000
[gzserver-2] [INFO] [1780341013.797603926] [gz_ros_control]: Loading joint: joint_1
[gzserver-2] [INFO] [1780341013.797612526] [gz_ros_control]: 	State:
[gzserver-2] [INFO] [1780341013.797617826] [gz_ros_control]: 		 position
[gzserver-2] [INFO] [1780341013.797630426] [gz_ros_control]: 			 found initial value: 0.000000
[gzserver-2] [INFO] [1780341013.797635526] [gz_ros_control]: 	Command:
[gzserver-2] [INFO] [1780341013.797638726] [gz_ros_control]: 		 position
[gzserver-2] [INFO] [1780341013.797650425] [gz_ros_control]: Loading joint: joint_2
[gzserver-2] [INFO] [1780341013.797654225] [gz_ros_control]: 	State:
[gzserver-2] [INFO] [1780341013.797657025] [gz_ros_control]: 		 position
[gzserver-2] [INFO] [1780341013.797664625] [gz_ros_control]: 			 found initial value: -0.800000
[gzserver-2] [INFO] [1780341013.797669225] [gz_ros_control]: 	Command:
[gzserver-2] [INFO] [1780341013.797672025] [gz_ros_control]: 		 position
[gzserver-2] [INFO] [1780341013.797682225] [gz_ros_control]: Loading joint: joint_3
[gzserver-2] [INFO] [1780341013.797685825] [gz_ros_control]: 	State:
[gzserver-2] [INFO] [1780341013.797688725] [gz_ros_control]: 		 position
[gzserver-2] [INFO] [1780341013.797692825] [gz_ros_control]: 			 found initial value: 1.200000
[gzserver-2] [INFO] [1780341013.797696625] [gz_ros_control]: 	Command:
[gzserver-2] [INFO] [1780341013.797699425] [gz_ros_control]: 		 position
[gzserver-2] [INFO] [1780341013.797708425] [gz_ros_control]: Loading joint: joint_4
[gzserver-2] [INFO] [1780341013.797711925] [gz_ros_control]: 	State:
[gzserver-2] [INFO] [1780341013.797714625] [gz_ros_control]: 		 position
[gzserver-2] [INFO] [1780341013.797718125] [gz_ros_control]: 			 found initial value: 0.000000
[gzserver-2] [INFO] [1780341013.797721725] [gz_ros_control]: 	Command:
[gzserver-2] [INFO] [1780341013.797724625] [gz_ros_control]: 		 position
[gzserver-2] [INFO] [1780341013.797732825] [gz_ros_control]: Loading joint: joint_5
[gzserver-2] [INFO] [1780341013.797736225] [gz_ros_control]: 	State:
[gzserver-2] [INFO] [1780341013.797739125] [gz_ros_control]: 		 position
[gzserver-2] [INFO] [1780341013.797743225] [gz_ros_control]: 			 found initial value: 0.800000
[gzserver-2] [INFO] [1780341013.797747125] [gz_ros_control]: 	Command:
[gzserver-2] [INFO] [1780341013.797750125] [gz_ros_control]: 		 position
[gzserver-2] [INFO] [1780341013.797759325] [gz_ros_control]: Loading joint: joint_6
[gzserver-2] [INFO] [1780341013.797762825] [gz_ros_control]: 	State:
[gzserver-2] [INFO] [1780341013.797765625] [gz_ros_control]: 		 position
[gzserver-2] [INFO] [1780341013.797769325] [gz_ros_control]: 			 found initial value: 0.000000
[gzserver-2] [INFO] [1780341013.797776725] [gz_ros_control]: 	Command:
[gzserver-2] [INFO] [1780341013.797779825] [gz_ros_control]: 		 position
[gzserver-2] [INFO] [1780341013.797872225] [gz_ros_control]: Loading sensor: ft_sensor
[gzserver-2] [INFO] [1780341013.797882525] [gz_ros_control]: 	State:
[gzserver-2] [INFO] [1780341013.797938725] [controller_manager]: Initialize hardware 'lbr_iisy6_r1300' 
[gzserver-2] [WARN] [1780341013.797951625] [controller_manager.hardware_component.system.lbr_iisy6_r1300]: Executor is not available during hardware component initialization for 'lbr_iisy6_r1300'. Skipping node creation!
[gzserver-2] [INFO] [1780341013.797994525] [controller_manager]: Successful initialization of hardware 'lbr_iisy6_r1300'
[gzserver-2] [INFO] [1780341013.798087425] [controller_manager]: Activating component 'lbr_iisy6_r1300'.
[gzserver-2] [INFO] [1780341013.798098125] [resource_manager]: 'configure' hardware 'lbr_iisy6_r1300' 
[gzserver-2] [INFO] [1780341013.798100925] [gz_ros_control]: System Successfully configured!
[gzserver-2] [INFO] [1780341013.798105125] [resource_manager]: Successful 'configure' of hardware 'lbr_iisy6_r1300'
[gzserver-2] [INFO] [1780341013.798110125] [resource_manager]: 'activate' hardware 'lbr_iisy6_r1300' 
[gzserver-2] [INFO] [1780341013.798173825] [resource_manager]: Successful 'activate' of hardware 'lbr_iisy6_r1300'
[gzserver-2] [WARN] [1780341013.798235224] [controller_manager]: Component 'lbr_iisy6_r1300' does not have read or write statistics initialized, skipping registration.
[gzserver-2] [INFO] [1780341013.798244824] [controller_manager]: Resource Manager has been successfully initialized. Starting Controller Manager services...
[gzserver-2] [INFO] [1780341013.937898669] [controller_manager]: Loading controller : 'joint_state_broadcaster' of type 'joint_state_broadcaster/JointStateBroadcaster'
[gzserver-2] [INFO] [1780341013.937957769] [controller_manager]: Loading controller 'joint_state_broadcaster'
[gzserver-2] [INFO] [1780341013.940565364] [controller_manager]: Controller 'joint_state_broadcaster' node arguments: --ros-args --params-file /home/omar/code/robotics_project/ros2_ws/install/kuka_resources/share/kuka_resources/config/fake_hardware_config_6_axis.yaml -p use_sim_time:=true --param use_sim_time:=true 
[spawner-8] [INFO] [1780341013.957230034] [joint_state_broadcaster_spawner]: Loaded joint_state_broadcaster
[gzserver-2] [INFO] [1780341013.958519732] [controller_manager]: Configuring controller: 'joint_state_broadcaster'
[gzserver-2] [INFO] [1780341013.958664431] [joint_state_broadcaster]: 'joints' or 'interfaces' parameter is empty. All available state interfaces will be published
[gzserver-2] [INFO] [1780341013.967391615] [controller_manager]: Activating controllers: [ joint_state_broadcaster ]
[gzserver-2] [1;36m[Dbg] [SystemManager.cc:80] [0m[1;36mLoaded system [[0m[1;36mgz_ros2_control::GazeboSimROS2ControlPlugin[0m[1;36m] for entity [[0m[1;36m53[0m[1;36m][0m[1;36m[0m
[gzserver-2] [1;36m[Dbg] [UserCommands.cc:1094] [0m[1;36mCreated entity [[0m[1;36m53[0m[1;36m] named [[0m[1;36mlbr_iisy6_r1300[0m[1;36m][0m[1;36m[0m
[gzserver-2] [1;32m[Msg] [0m[1;32mContact system publishing on [0m[1;32mworld/peg_in_hole_world/model/hole_fixture/link/fixture_link/sensor/hole_contact_sensor/contact[0m[1;32m[0m
[gzserver-2] [1;32m[Msg] [0m[1;32mContact system publishing on [0m[1;32mworld/peg_in_hole_world/model/target_plate/link/plate_link/sensor/target_contact_sensor/contact[0m[1;32m[0m
[gzserver-2] [1;36m[Dbg] [SDFFeatures.cc:332] [0m[1;36mMesh construction from an SDF has not been implemented yet for [0m[1;36mdartsim. Use AttachMeshShapeFeature to use mesh shapes.[0m
[gzserver-2] [1;36m[Dbg] [SDFFeatures.cc:864] [0m[1;36mThe geometry element of collision [[0m[1;36mbase_link_collision[0m[1;36m] [0m[1;36mcouldn't be created[0m
[gzserver-2] [1;36m[Dbg] [SDFFeatures.cc:332] [0m[1;36mMesh construction from an SDF has not been implemented yet for [0m[1;36mdartsim. Use AttachMeshShapeFeature to use mesh shapes.[0m
[gzserver-2] [1;36m[Dbg] [SDFFeatures.cc:864] [0m[1;36mThe geometry element of collision [[0m[1;36mlink_1_collision[0m[1;36m] [0m[1;36mcouldn't be created[0m
[gzserver-2] [1;36m[Dbg] [SDFFeatures.cc:332] [0m[1;36mMesh construction from an SDF has not been implemented yet for [0m[1;36mdartsim. Use AttachMeshShapeFeature to use mesh shapes.[0m
[gzserver-2] [1;36m[Dbg] [SDFFeatures.cc:864] [0m[1;36mThe geometry element of collision [[0m[1;36mlink_2_collision[0m[1;36m] [0m[1;36mcouldn't be created[0m
[gzserver-2] [1;36m[Dbg] [SDFFeatures.cc:332] [0m[1;36mMesh construction from an SDF has not been implemented yet for [0m[1;36mdartsim. Use AttachMeshShapeFeature to use mesh shapes.[0m
[gzserver-2] [1;36m[Dbg] [SDFFeatures.cc:864] [0m[1;36mThe geometry element of collision [[0m[1;36mlink_3_collision[0m[1;36m] [0m[1;36mcouldn't be created[0m
[gzserver-2] [1;36m[Dbg] [SDFFeatures.cc:332] [0m[1;36mMesh construction from an SDF has not been implemented yet for [0m[1;36mdartsim. Use AttachMeshShapeFeature to use mesh shapes.[0m
[gzserver-2] [1;36m[Dbg] [SDFFeatures.cc:864] [0m[1;36mThe geometry element of collision [[0m[1;36mlink_4_collision[0m[1;36m] [0m[1;36mcouldn't be created[0m
[gzserver-2] [1;36m[Dbg] [SDFFeatures.cc:332] [0m[1;36mMesh construction from an SDF has not been implemented yet for [0m[1;36mdartsim. Use AttachMeshShapeFeature to use mesh shapes.[0m
[gzserver-2] [1;36m[Dbg] [SDFFeatures.cc:864] [0m[1;36mThe geometry element of collision [[0m[1;36mlink_5_collision[0m[1;36m] [0m[1;36mcouldn't be created[0m
[gzserver-2] [1;36m[Dbg] [SDFFeatures.cc:332] [0m[1;36mMesh construction from an SDF has not been implemented yet for [0m[1;36mdartsim. Use AttachMeshShapeFeature to use mesh shapes.[0m
[gzserver-2] [1;36m[Dbg] [SDFFeatures.cc:864] [0m[1;36mThe geometry element of collision [[0m[1;36mlink_6_collision[0m[1;36m] [0m[1;36mcouldn't be created[0m
[gzserver-2] [1;36m[Dbg] [Sensors.cc:953] [0m[1;36mInitialization needed[0m[1;36m[0m
[gzserver-2] [1;36m[Dbg] [Sensors.cc:349] [0m[1;36mInitializing render context[0m[1;36m[0m
[gzserver-2] [1;32m[Msg] [0m[1;32mLoading plugin [[0m[1;32mgz-rendering-ogre[0m[1;32m][0m[1;32m[0m
[gzserver-2] [1;32m[Msg] [0m[1;32mServing scene information on [[0m[1;32m/world/peg_in_hole_world[0m[1;32m/[0m[1;32mscene/info[0m[1;32m][0m[1;32m[0m
[gzserver-2] [1;32m[Msg] [0m[1;32mServing graph information on [[0m[1;32m/world/peg_in_hole_world[0m[1;32m/[0m[1;32mscene/graph[0m[1;32m][0m[1;32m[0m
[gzserver-2] [1;32m[Msg] [0m[1;32mServing full state on [[0m[1;32m/world/peg_in_hole_world[0m[1;32m/[0m[1;32mstate[0m[1;32m][0m[1;32m[0m
[gzserver-2] [1;32m[Msg] [0m[1;32mServing full state (async) on [[0m[1;32m/world/peg_in_hole_world[0m[1;32m/[0m[1;32mstate_async[0m[1;32m][0m[1;32m[0m
[gzserver-2] [1;32m[Msg] [0m[1;32mPublishing scene information on [[0m[1;32m/world/peg_in_hole_world/scene/info[0m[1;32m][0m[1;32m[0m
[gzserver-2] [WARN] [1780341015.828871514] [gz_ros_control]:  Desired controller update period (0.02 s) is slower than the gazebo simulation period (0.001 s).
[gzserver-2] [1;33m[Wrn] [Component.hh:127] [0m[1;33mTrying to serialize component with data type [[0m[1;33mSt10shared_ptrIN3sdf3v147ElementEE[0m[1;33m], which doesn't have [0m[1;33m`operator<<`. Component will not be serialized.[0m[1;33m[0m
[gzserver-2] [1;33m[Wrn] [Component.hh:127] [0m[1;33mTrying to serialize component with data type [[0m[1;33mSt10shared_ptrIN3sdf3v147ElementEE[0m[1;33m], which doesn't have [0m[1;33m`operator<<`. Component will not be serialized.[0m[1;33m[0m
[gzserver-2] [1;33m[Wrn] [Component.hh:172] [0m[1;33mTrying to deserialize component with data type [[0m[1;33mSt10shared_ptrIN3sdf3v147ElementEE[0m[1;33m], which doesn't have [0m[1;33m`operator>>`. Component will not be deserialized.[0m[1;33m[0m
[gzserver-2] [1;32m[Msg] [0m[1;32mPublishing entity deletions on [[0m[1;32m/world/peg_in_hole_world/scene/deletion[0m[1;32m][0m[1;32m[0m
[gzserver-2] [1;32m[Msg] [0m[1;32mPublishing state changes on [[0m[1;32m/world/peg_in_hole_world/state[0m[1;32m][0m[1;32m[0m
[gzserver-2] [1;32m[Msg] [0m[1;32mPublishing pose messages on [[0m[1;32m/world/peg_in_hole_world[0m[1;32m/[0m[1;32mpose/info[0m[1;32m][0m[1;32m[0m
[gzserver-2] [1;32m[Msg] [0m[1;32mPublishing dynamic pose messages on [[0m[1;32m/world/peg_in_hole_world[0m[1;32m/[0m[1;32mdynamic_pose/info[0m[1;32m][0m[1;32m[0m
[gzserver-2] [1;36m[Dbg] [SimulationRunner.cc:578] [0m[1;36mExiting postupdate worker thread ([0m[1;36m2[0m[1;36m)[0m[1;36m[0m
[gzserver-2] [1;36m[Dbg] [SimulationRunner.cc:578] [0m[1;36mExiting postupdate worker thread ([Dbg] [SimulationRunner.cc:578] [0m[1;36mExiting postupdate worker thread ([0m[1;36m3[0m[1;36m)[0m[1;36m[0m
[gzserver-2] [1;36m[Dbg] [SimulationRunner.cc:578] [0m[1;36mExiting postupdate worker thread ([0m[1;36m0[0m[1;36m)[0m[1;36m[0m
[gzserver-2] [1;36mExiting postupdate worker thread ([0m[1;36m1[0m[1;36m)[0m[1;36m[0m
[gzserver-2] [1;36m[Dbg] [SimulationRunner.cc:551] [0m[1;36mCreating PostUpdate worker threads: [0m[1;36m6[0m[1;36m[0m
[gzserver-2] [1;36m[Dbg] [SimulationRunner.cc:562] [0m[1;36mCreating postupdate worker thread ([0m[1;36m0[0m[1;36m)[0m[1;36m[0m
[gzserver-2] [1;36m[Dbg] [SimulationRunner.cc:562] [0m[1;36mCreating postupdate worker thread ([0m[1;36m1[0m[1;36m)[0m[1;36m[0m
[gzserver-2] [1;36m[Dbg] [SimulationRunner.cc:562] [0m[1;36mCreating postupdate worker thread ([0m[1;36m2[0m[1;36m)[0m[1;36m[0m
[gzserver-2] [1;36m[Dbg] [SimulationRunner.cc:562] [0m[1;36mCreating postupdate worker thread ([0m[1;36m3[0m[1;36m)[0m[1;36m[0m
[gzserver-2] [1;36m[Dbg] [SimulationRunner.cc:562] [0m[1;36mCreating postupdate worker thread ([0m[1;36m4[0m[1;36m)[0m[1;36m[0m
[gzserver-2] [1;36m[Dbg] [ForceTorque.cc:154] [0m[1;36mAdding JointTransmittedWrench to: [0m[1;36m93[0m[1;36m[0m
[gzserver-2] [1;36m[Dbg] [EntityComponentManager.cc:1656] [0m[1;36mUpdated state thread iterators: [0m[1;36m8[0m[1;36m threads processing around [0m[1;36m12[0m[1;36m entities each.[0m[1;36m[0m
[gzserver-2] [1;33mWarning [Utils.cc:132][0m [/sdf/model[@name="lbr_iisy6_r1300_research_gripper"]/joint[@name="joint_1"]/axis/initial_position:<data-string>:L62]: XML Element[initial_position], child of element[axis], not defined in SDF. Copying[initial_position] as children of [axis].
[gzserver-2] [1;33mWarning [Utils.cc:132][0m [/sdf/model[@name="lbr_iisy6_r1300_research_gripper"]/joint[@name="joint_2"]/axis/initial_position:<data-string>:L120]: XML Element[initial_position], child of element[axis], not defined in SDF. Copying[initial_position] as children of [axis].
[gzserver-2] [1;33mWarning [Utils.cc:132][0m [/sdf/model[@name="lbr_iisy6_r1300_research_gripper"]/joint[@name="joint_3"]/axis/initial_position:<data-string>:L178]: XML Element[initial_position], child of element[axis], not defined in SDF. Copying[initial_position] as children of [axis].
[gzserver-2] [1;33mWarning [Utils.cc:132][0m [/sdf/model[@name="lbr_iisy6_r1300_research_gripper"]/joint[@name="joint_4"]/axis/initial_position:<data-string>:L236]: XML Element[initial_position], child of element[axis], not defined in SDF. Copying[initial_position] as children of [axis].
[gzserver-2] [1;33mWarning [Utils.cc:132][0m [/sdf/model[@name="lbr_iisy6_r1300_research_gripper"]/joint[@name="joint_5"]/axis/initial_position:<data-string>:L294]: XML Element[initial_position], child of element[axis], not defined in SDF. Copying[initial_position] as children of [axis].
[gzserver-2] [1;33mWarning [Utils.cc:132][0m [/sdf/model[@name="lbr_iisy6_r1300_research_gripper"]/joint[@name="joint_6"]/axis/initial_position:<data-string>:L352]: XML Element[initial_position], child of element[axis], not defined in SDF. Copying[initial_position] as children of [axis].
[gzserver-2] [INFO] [1780341016.089091039] [gzserver]: InitializeCanonicalLinks
[gzserver-2] [INFO] [1780341016.089341639] [gzserver]: Creating services on gzserver
[gzserver-2] [INFO] [1780341016.092323733] [gzserver]: Created service /gzserver/delete_entity
[gzserver-2] [INFO] [1780341016.093675131] [gzserver]: Created service /gzserver/get_entities
[gzserver-2] [INFO] [1780341016.094807229] [gzserver]: Created service /gzserver/get_entity_info
[gzserver-2] [INFO] [1780341016.096049426] [gzserver]: Created service /gzserver/get_entity_state
[gzserver-2] [INFO] [1780341016.097629923] [gzserver]: Created service /gzserver/get_entities_states
[gzserver-2] [INFO] [1780341016.099057521] [gzserver]: Created service /gzserver/get_simulation_state
[gzserver-2] [INFO] [1780341016.100234419] [gzserver]: Created service /gzserver/get_simulator_features
[gzserver-2] [INFO] [1780341016.101302817] [gzserver]: Created service /gzserver/reset_simulation
[gzserver-2] [INFO] [1780341016.102338915] [gzserver]: Created service /gzserver/set_entity_state
[gzserver-2] [INFO] [1780341016.103318013] [gzserver]: Created service /gzserver/set_simulation_state
[gzserver-2] [INFO] [1780341016.104259711] [gzserver]: Created service /gzserver/spawn_entity
[gzserver-2] [INFO] [1780341016.105330009] [gzserver]: Created service /gzserver/step_simulation
[gzserver-2] [INFO] [1780341016.111867097] [gzserver]: Created action /gzserver/simulate_steps
[gzserver-2] [INFO] [1780341016.302967648] [gz_ros_control]: ForceTorque ft_sensor has a topic name: world/peg_in_hole_world/model/lbr_iisy6_r1300/joint/ft_sensor_joint/sensor/ft_sensor/forcetorque
[gzserver-2] [INFO] [1780341016.303369548] [controller_manager]: Successfully switched controllers!
[spawner-8] [INFO] [1780341016.366539132] [joint_state_broadcaster_spawner]: Configured and activated joint_state_broadcaster
[INFO] [spawner-8]: process has finished cleanly [pid 14156]
[INFO] [spawner-9]: process started with pid [14228]
[gzserver-2] [1;36m[Dbg] [RenderUtil.cc:2646] [0m[1;36mCreate scene [[0m[1;36mscene[0m[1;36m][0m[1;36m[0m
[gzserver-2] [1;36m[Dbg] [Sensors.cc:391] [0m[1;36mRendering Thread initialized[0m[1;36m[0m
[gzserver-2] [1;36m[Dbg] [Sensors.cc:953] [0m[1;36mInitialization needed[0m[1;36m[0m
[gzserver-2] [1;36m[Dbg] [CameraSensor.cc:405] [0m[1;36mCamera images for [[0m[1;36md405_rgbd_camera::camera_link::d405_color[0m[1;36m] advertised on [[0m[1;36m/d405/color/image_raw[0m[1;36m][0m[1;36m[0m
[gzserver-2] [1;36m[Dbg] [CameraSensor.cc:695] [0m[1;36mCamera info for [[0m[1;36md405_rgbd_camera::camera_link::d405_color[0m[1;36m] advertised on [[0m[1;36m/d405/color/camera_info[0m[1;36m][0m[1;36m[0m
[gzserver-2] [1;36m[Dbg] [DepthCameraSensor.cc:283] [0m[1;36mDepth images for [[0m[1;36md405_rgbd_camera::camera_link::d405_depth[0m[1;36m] advertised on [[0m[1;36m/d405/depth/image_rect_raw[0m[1;36m][0m[1;36m[0m
[gzserver-2] [1;36m[Dbg] [CameraSensor.cc:695] [0m[1;36mCamera info for [[0m[1;36md405_rgbd_camera::camera_link::d405_depth[0m[1;36m] advertised on [[0m[1;36m/d405/depth/camera_info[0m[1;36m][0m[1;36m[0m
[gzserver-2] [1;36m[Dbg] [DepthCameraSensor.cc:311] [0m[1;36mPoints for [[0m[1;36md405_rgbd_camera::camera_link::d405_depth[0m[1;36m] advertised on [[0m[1;36m/d405/depth/image_rect_raw[0m[1;36m/points][0m[1;36m[0m
[gzserver-2] [1;36m[Dbg] [CameraSensor.cc:504] [0m[1;36mEnabling camera sensor: '[0m[1;36md405_rgbd_camera::camera_link::d405_color[0m[1;36m' data [0m[1;36mgeneration.[0m[1;36m[0m
[spawner-9] [INFO] [1780341016.942084781] [joint_trajectory_controller_spawner]: waiting for service /controller_manager/list_controllers to become available...
[gzserver-2] [INFO] [1780341018.445375672] [controller_manager]: Loading controller : 'joint_trajectory_controller' of type 'joint_trajectory_controller/JointTrajectoryController'
[gzserver-2] [INFO] [1780341018.445432872] [controller_manager]: Loading controller 'joint_trajectory_controller'
[gzserver-2] [INFO] [1780341018.448095866] [controller_manager]: Controller 'joint_trajectory_controller' node arguments: --ros-args --params-file /home/omar/code/robotics_project/ros2_ws/install/kuka_resources/share/kuka_resources/config/fake_hardware_config_6_axis.yaml -p use_sim_time:=true --param use_sim_time:=true 
[spawner-9] [INFO] [1780341018.489194477] [joint_trajectory_controller_spawner]: Loaded joint_trajectory_controller
[gzserver-2] [INFO] [1780341018.490989373] [controller_manager]: Configuring controller: 'joint_trajectory_controller'
[gzserver-2] [INFO] [1780341018.491197073] [joint_trajectory_controller]: No specific joint names are used for command interfaces. Using 'joints' parameter.
[gzserver-2] [INFO] [1780341018.491239873] [joint_trajectory_controller]: Command interfaces are [position] and state interfaces are [position].
[gzserver-2] [INFO] [1780341018.491269073] [joint_trajectory_controller]: Using 'splines' interpolation method.
[gzserver-2] [INFO] [1780341018.498089558] [joint_trajectory_controller]: Action status changes will be monitored at 20.00 Hz.
[gzserver-2] [INFO] [1780341018.505438242] [joint_trajectory_controller]: Setting initial scaling factor to 1.000000
[gzserver-2] [INFO] [1780341018.505486742] [joint_trajectory_controller]: No scaling interface set. This controller will not read speed scaling from the hardware.
[gzserver-2] [INFO] [1780341018.554869835] [controller_manager]: Activating controllers: [ joint_trajectory_controller ]
[gzserver-2] [INFO] [1780341018.618336099] [controller_manager]: Successfully switched controllers!
[spawner-9] [INFO] [1780341018.992716291] [joint_trajectory_controller_spawner]: Configured and activated joint_trajectory_controller
[INFO] [spawner-9]: process has finished cleanly [pid 14228]
[INFO] [admittance_insertion_node-10]: process started with pid [14245]
[admittance_insertion_node-10] [INFO] [1780341019.614121851] [admittance_insertion_node]: AdmittanceInsertionNode v2 (honest tracking).  contact_threshold=5.0 N, safety_threshold=350.0 N, control_rate=10.0 Hz, approach_speed=0.010
[admittance_insertion_node-10] [INFO] [1780341021.602608467] [admittance_insertion_node]: State transition: IDLE -> MOVING_TO_START
[admittance_insertion_node-10] [INFO] [1780341021.708898129] [admittance_insertion_node]: MOVING_TO_START: trajectory published. duration=20.7s, waypoints=9, dist=0.6887
[admittance_insertion_node-10] [INFO] [1780341021.709575527] [admittance_insertion_node]: MOVING_TO_START t=0.0s  peg=(0.890, 0.250, 1.079)  cart_err=0.613  stable=0/5
[admittance_insertion_node-10] [INFO] [1780341026.703073929] [admittance_insertion_node]: MOVING_TO_START t=5.0s  peg=(0.911, 0.234, 1.030)  cart_err=0.602  stable=0/5
[admittance_insertion_node-10] [INFO] [1780341031.703288227] [admittance_insertion_node]: MOVING_TO_START t=10.0s  peg=(0.760, 0.230, 1.028)  cart_err=0.513  stable=0/5
[admittance_insertion_node-10] [INFO] [1780341036.703083683] [admittance_insertion_node]: MOVING_TO_START t=15.0s  peg=(0.702, 0.211, 0.931)  cart_err=0.452  stable=0/5
[admittance_insertion_node-10] [INFO] [1780341041.703019531] [admittance_insertion_node]: MOVING_TO_START t=20.0s  peg=(0.743, 0.168, 0.971)  cart_err=0.438  stable=0/5
[admittance_insertion_node-10] [INFO] [1780341046.703031815] [admittance_insertion_node]: MOVING_TO_START t=25.0s  peg=(0.707, 0.162, 0.994)  cart_err=0.422  stable=0/5
[admittance_insertion_node-10] [INFO] [1780341051.703142986] [admittance_insertion_node]: MOVING_TO_START t=30.0s  peg=(0.770, 0.119, 0.971)  cart_err=0.414  stable=0/5
[admittance_insertion_node-10] [INFO] [1780341056.702990709] [admittance_insertion_node]: MOVING_TO_START t=35.0s  peg=(0.742, 0.097, 0.938)  cart_err=0.375  stable=0/5
[admittance_insertion_node-10] [INFO] [1780341061.702986622] [admittance_insertion_node]: MOVING_TO_START t=40.0s  peg=(0.588, -0.045, 0.872)  cart_err=0.170  stable=0/5
[admittance_insertion_node-10] [INFO] [1780341066.703014397] [admittance_insertion_node]: MOVING_TO_START t=45.0s  peg=(0.577, -0.073, 0.877)  cart_err=0.139  stable=0/5
[admittance_insertion_node-10] [WARN] [1780341069.703173239] [admittance_insertion_node]: MOVING_TO_START degraded (48.0s at 0.095m, within grace 0.12m). Proceeding.
[admittance_insertion_node-10] [INFO] [1780341069.703794737] [admittance_insertion_node]: MOVING_TO_START complete. peg=(0.5569, -0.1167, 0.8570)  xy_error=0.0911m  cart_err=0.095m  joint_err=0.124rad  Fz=37.1N  baseline=17.7N
[admittance_insertion_node-10] [ERROR] [1780341069.704364536] [admittance_insertion_node]: APPROACH blocked: above-hole XY error 0.0911m exceeds no-contact descent precondition 0.0300m.
[admittance_insertion_node-10] [INFO] [1780341069.704664135] [admittance_insertion_node]: State transition: MOVING_TO_START -> ABORT
[admittance_insertion_node-10] [INFO] [1780341069.803255014] [admittance_insertion_node]: Retreating to SAFE_HOME. duration=5.8s
[admittance_insertion_node-10] [INFO] [1780341086.902744708] [admittance_insertion_node]: State transition: ABORT -> DONE
[admittance_insertion_node-10] [INFO] [1780341086.903524907] [admittance_insertion_node]: 
[admittance_insertion_node-10] ========== TRIAL OUTCOME ==========
[admittance_insertion_node-10]   Outcome: ABORTED
[admittance_insertion_node-10]   Reason:  APPROACH blocked: above-hole XY error 0.0911m exceeds no-contact descent precondition 0.0300m.
[admittance_insertion_node-10]   Depth:   0.0000m
[admittance_insertion_node-10]   Max Fz:  360.4N
[admittance_insertion_node-10]   Baseline:16.3N
[admittance_insertion_node-10]   Contact: 323.1N
[admittance_insertion_node-10]   XY err:  0.0000m
[admittance_insertion_node-10] ====================================
[admittance_insertion_node-10] [INFO] [1780341086.903983406] [admittance_insertion_node]:   Phase MOVING_TO_START: FAIL cart_err=0.0953m TIMEOUT APPROACH blocked: above-hole XY error 0.0911m exceeds no-contact descent precondition 0.0300m.
[WARNING] [launch]: user interrupted with ctrl-c (SIGINT)
[INFO] [admittance_insertion_node-10]: sending signal 'SIGINT' to process[admittance_insertion_node-10]
[INFO] [data_logger_node-7]: sending signal 'SIGINT' to process[data_logger_node-7]
[INFO] [bridge_node-6]: sending signal 'SIGINT' to process[bridge_node-6]
[INFO] [bridge_node-5]: sending signal 'SIGINT' to process[bridge_node-5]
[INFO] [bridge_node-4]: sending signal 'SIGINT' to process[bridge_node-4]
[INFO] [gzserver-2]: sending signal 'SIGINT' to process[gzserver-2]
[INFO] [robot_state_publisher-1]: sending signal 'SIGINT' to process[robot_state_publisher-1]
[admittance_insertion_node-10] [INFO] [1780341086.920043170] [admittance_insertion_node]: Keyboard interrupt - shutting down.
[admittance_insertion_node-10] Failed to publish log message to rosout: publisher's context is invalid, at ./src/rcl/publisher.c:423
[bridge_node-6] [INFO] [1780341086.921385167] [rclcpp]: signal_handler(SIGINT/SIGTERM)
[data_logger_node-7] [INFO] [1780341086.921930066] [data_logger_node]: Keyboard interrupt – shutting down.
[data_logger_node-7] Failed to publish log message to rosout: publisher's context is invalid, at ./src/rcl/publisher.c:423
[data_logger_node-7] [INFO] [1780341086.922388365] [data_logger_node]: CSV closed: /tmp/thesis_logs/insertion_log_20260601_221012.csv  (3744 rows written)
[data_logger_node-7] Failed to publish log message to rosout: publisher's context is invalid, at ./src/rcl/publisher.c:423
[bridge_node-5] [INFO] [1780341086.922320365] [rclcpp]: signal_handler(SIGINT/SIGTERM)
[bridge_node-4] [INFO] [1780341086.923035363] [rclcpp]: signal_handler(SIGINT/SIGTERM)
[robot_state_publisher-1] [INFO] [1780341086.928008852] [rclcpp]: signal_handler(SIGINT/SIGTERM)
[INFO] [robot_state_publisher-1]: process has finished cleanly [pid 14012]
[INFO] [data_logger_node-7]: process has finished cleanly [pid 14018]
[INFO] [admittance_insertion_node-10]: process has finished cleanly [pid 14245]
[ERROR] [bridge_node-4]: process has died [pid 14015, exit code -11, cmd '/opt/ros/jazzy/lib/ros_gz_bridge/bridge_node --ros-args --log-level info --ros-args -r __node:=ros_gz_bridge -r __ns:=/ --params-file /tmp/launch_params_pz4weuna'].
[ERROR] [bridge_node-5]: process has died [pid 14016, exit code -11, cmd '/opt/ros/jazzy/lib/ros_gz_bridge/bridge_node --ros-args --log-level info --ros-args -r __node:=contact_ros_gz_bridge -r __ns:=/ --params-file /tmp/launch_params_llaiug7o'].
[ERROR] [bridge_node-6]: process has died [pid 14017, exit code -11, cmd '/opt/ros/jazzy/lib/ros_gz_bridge/bridge_node --ros-args -r __node:=ft_sensor_bridge --params-file /tmp/launch_params_qpjc9rfw -r /world/peg_in_hole_world/model/lbr_iisy6_r1300/joint/ft_sensor_joint/sensor/ft_sensor/forcetorque:=/ft_sensor_wrench'].
[ERROR] [gzserver-2]: process[gzserver-2] failed to terminate '5' seconds after receiving 'SIGINT', escalating to 'SIGTERM'
[INFO] [gzserver-2]: sending signal 'SIGTERM' to process[gzserver-2]
[ERROR] [gzserver-2]: process has died [pid 14013, exit code -11, cmd '/opt/ros/jazzy/lib/ros_gz_sim/gzserver --ros-args --params-file /tmp/launch_params_3r81kato'].
