[INFO] [launch]: All log files can be found below diagnostics/research_baseline_no_contact_alignment_v1/ros_logs/2026-06-01-22-11-35-124581-DESKTOP-GVPFGND-14293
[INFO] [launch]: Default logging verbosity is set to INFO
[INFO] [launch.user]: Phase 2B unified research baseline: launching Gazebo world peg_in_hole_description/worlds/peg_in_hole_world.sdf (/home/omar/code/robotics_project/ros2_ws/install/peg_in_hole_description/share/peg_in_hole_description/worlds/peg_in_hole_world.sdf)
[INFO] [launch.user]: Phase 2B unified research baseline: spawning robot kuka_lbr_iisy using project robot description peg_in_hole_description/urdf/lbr_iisy6_r1300_research_gripper.urdf.xacro for KUKA model lbr_iisy6_r1300 (family: lbr_iisy) at xyz/rpy [0.80, -0.75, 0.735, 0, 0, 1.5708]
[INFO] [launch.user]: Phase 2B unified research baseline: task peg_in_hole uses table frame work_table, target frame hole_center, insertion axis z
[INFO] [launch.user]: Phase 2B unified research baseline: expected controller stack is joint_state_broadcaster + joint_trajectory_controller
[INFO] [launch.user]: Phase 2B unified research baseline: Gazebo initial arm safe_home joint pose is [0.0, -0.8, 1.2, 0.0, 0.8, 0.0]
[INFO] [robot_state_publisher-1]: process started with pid [14297]
[INFO] [gzserver-2]: process started with pid [14298]
[INFO] [spawn_robot_sdf-3]: process started with pid [14299]
[INFO] [bridge_node-4]: process started with pid [14300]
[INFO] [bridge_node-5]: process started with pid [14301]
[INFO] [bridge_node-6]: process started with pid [14302]
[INFO] [data_logger_node-7]: process started with pid [14303]
[robot_state_publisher-1] [INFO] [1780341095.726025818] [robot_state_publisher]: Robot initialized
[gzserver-2] [1;32m[Msg] [0m[1;32mLoading SDF world file[[0m[1;32m/home/omar/code/robotics_project/ros2_ws/install/peg_in_hole_description/share/peg_in_hole_description/worlds/peg_in_hole_world.sdf[0m[1;32m].[0m
[gzserver-2] [1;33mWarning [Utils.cc:132][0m [/sdf/world[@name="peg_in_hole_world"]/model[@name="d405_rgbd_camera"]/link[@name="camera_link"]/visual[@name="camera_visual"]/geometry/box[@size="0.03 0.025 0.02"]:/home/omar/code/robotics_project/ros2_ws/install/peg_in_hole_description/share/peg_in_hole_description/worlds/peg_in_hole_world.sdf:L117]: XML Attribute[size] in element[box] not defined in SDF.
[gzserver-2] [1;33m[Wrn] [SystemLoader.cc:75] [0m[1;33mTrying to load deprecated plugin [[0m[1;33mignition-gazebo-physics-system[0m[1;33m]. Using [[0m[1;33mgz-sim-physics-system[0m[1;33m] instead.[0m[1;33m[0m
[gzserver-2] [1;33m[Wrn] [SystemLoader.cc:75] [0m[1;33mTrying to load deprecated plugin [[0m[1;33mignition-gazebo-user-commands-system[0m[1;33m]. Using [[0m[1;33mgz-sim-user-commands-system[0m[1;33m] instead.[0m[1;33m[0m
[gzserver-2] [1;33m[Wrn] [SystemLoader.cc:75] [0m[1;33mTrying to load deprecated plugin [[0m[1;33mignition-gazebo-scene-broadcaster-system[0m[1;33m]. Using [[0m[1;33mgz-sim-scene-broadcaster-system[0m[1;33m] instead.[0m[1;33m[0m
[gzserver-2] [1;32m[Msg] [0m[1;32mServing entity system service on [[0m[1;32m/[0m[1;32mentity/system/add[0m[1;32m][0m[1;32m[0m
[gzserver-2] [1;36m[Dbg] [Physics.cc:906] [0m[1;36mLoaded [[0m[1;36mgz::physics::dartsim::Plugin[0m[1;36m] from library [[0m[1;36m/opt/ros/jazzy/opt/gz_physics_vendor/lib/gz-physics-7/engine-plugins/libgz-physics-dartsim-plugin.so[0m[1;36m][0m[1;36m[0m
[gzserver-2] [1;36m[Dbg] [SystemManager.cc:80] [0m[1;36mLoaded system [[0m[1;36mgz::sim::systems::Physics[0m[1;36m] for entity [[0m[1;36m1[0m[1;36m][0m[1;36m[0m
[gzserver-2] [1;32m[Msg] [0m[1;32mCreate[0m[1;32m service on [[0m[1;32m/world/peg_in_hole_world/create_multiple[0m[1;32m] (async)[0m[1;32m[0m
[gzserver-2] [1;32m[Msg] [0m[1;32mCreate[0m[1;32m service on [[0m[1;32m/world/peg_in_hole_world/create_multiple/blocking[0m[1;32m] (blocking)[0m[1;32m[0m
[gzserver-2] [1;32m[Msg] [0m[1;32mRemove[0m[1;32m service on [[0m[1;32m/world/peg_in_hole_world/remove[0m[1;32m] (async)[0m[1;32m[0m
[gzserver-2] [1;32m[Msg] [0m[1;32mRemove[0m[1;32m service on [[0m[1;32m/world/peg_in_hole_world/remove/blocking[0m[1;32m] (blocking)[0m[1;32m[0m
[gzserver-2] [1;32m[Msg] [0m[1;32mPose[0m[1;32m service on [[0m[1;32m/world/peg_in_hole_world/set_pose[0m[1;32m] (async)[0m[1;32m[0m
[gzserver-2] [1;32m[Msg] [0m[1;32mPose[0m[1;32m service on [[0m[1;32m/world/peg_in_hole_world/set_pose/blocking[0m[1;32m] (blocking)[0m[1;32m[0m
[gzserver-2] [1;32m[Msg] [0m[1;32mPose[0m[1;32m service on [[0m[1;32m/world/peg_in_hole_world/set_pose_vector[0m[1;32m] (async)[0m[1;32m[0m
[gzserver-2] [1;32m[Msg] [0m[1;32mPose[0m[1;32m service on [[0m[1;32m/world/peg_in_hole_world/set_pose_vector/blocking[0m[1;32m] (blocking)[0m[1;32m[0m
[gzserver-2] [1;32m[Msg] [0m[1;32mLight configuration[0m[1;32m service on [[0m[1;32m/world/peg_in_hole_world/light_config[0m[1;32m] (async)[0m[1;32m[0m
[gzserver-2] [1;32m[Msg] [0m[1;32mLight configuration[0m[1;32m service on [[0m[1;32m/world/peg_in_hole_world/light_config/blocking[0m[1;32m] (blocking)[0m[1;32m[0m
[gzserver-2] [1;32m[Msg] [0m[1;32mPhysics[0m[1;32m service on [[0m[1;32m/world/peg_in_hole_world/set_physics[0m[1;32m] (async)[0m[1;32m[0m
[gzserver-2] [1;32m[Msg] [0m[1;32mPhysics[0m[1;32m service on [[0m[1;32m/world/peg_in_hole_world/set_physics/blocking[0m[1;32m] (blocking)[0m[1;32m[0m
[gzserver-2] [1;32m[Msg] [0m[1;32mSphericalCoordinates[0m[1;32m service on [[0m[1;32m/world/peg_in_hole_world/set_spherical_coordinates[0m[1;32m] (async)[0m[1;32m[0m
[gzserver-2] [1;32m[Msg] [0m[1;32mSphericalCoordinates[0m[1;32m service on [[0m[1;32m/world/peg_in_hole_world/set_spherical_coordinates/blocking[0m[1;32m] (blocking)[0m[1;32m[0m
[gzserver-2] [1;32m[Msg] [0m[1;32mEnable collision[0m[1;32m service on [[0m[1;32m/world/peg_in_hole_world/enable_collision[0m[1;32m] (async)[0m[1;32m[0m
[gzserver-2] [1;32m[Msg] [0m[1;32mEnable collision[0m[1;32m service on [[0m[1;32m/world/peg_in_hole_world/enable_collision/blocking[0m[1;32m] (blocking)[0m[1;32m[0m
[gzserver-2] [1;32m[Msg] [0m[1;32mDisable collision[0m[1;32m service on [[0m[1;32m/world/peg_in_hole_world/disable_collision[0m[1;32m] (async)[0m[1;32m[0m
[gzserver-2] [1;32m[Msg] [0m[1;32mDisable collision[0m[1;32m service on [[0m[1;32m/world/peg_in_hole_world/disable_collision/blocking[0m[1;32m] (blocking)[0m[1;32m[0m
[gzserver-2] [1;32m[Msg] [0m[1;32mMaterial[0m[1;32m service on [[0m[1;32m/world/peg_in_hole_world/visual_config[0m[1;32m] (async)[0m[1;32m[0m
[gzserver-2] [1;32m[Msg] [0m[1;32mMaterial[0m[1;32m service on [[0m[1;32m/world/peg_in_hole_world/visual_config/blocking[0m[1;32m] (blocking)[0m[1;32m[0m
[gzserver-2] [1;32m[Msg] [0m[1;32mMaterial[0m[1;32m service on [[0m[1;32m/world/peg_in_hole_world/wheel_slip[0m[1;32m] (async)[0m[1;32m[0m
[gzserver-2] [1;32m[Msg] [0m[1;32mMaterial[0m[1;32m service on [[0m[1;32m/world/peg_in_hole_world/wheel_slip/blocking[0m[1;32m] (blocking)[0m[1;32m[0m
[gzserver-2] [1;36m[Dbg] [SystemManager.cc:80] [0m[1;36mLoaded system [[0m[1;36mgz::sim::systems::UserCommands[0m[1;36m] for entity [[0m[1;36m1[0m[1;36m][0m[1;36m[0m
[gzserver-2] [1;33m[Wrn] [SystemLoader.cc:75] [0m[1;33mTrying to load deprecated plugin [[0m[1;33mignition-gazebo-contact-system[0m[1;33m]. Using [[0m[1;33mgz-sim-contact-system[0m[1;33m] instead.[0m[1;33m[0m
[gzserver-2] [1;33m[Wrn] [SystemLoader.cc:75] [0m[1;33mTrying to load deprecated plugin [[0m[1;33mignition-gazebo-sensors-system[0m[1;33m]. Using [[0m[1;33mgz-sim-sensors-system[0m[1;33m] instead.[0m[1;33m[0m
[data_logger_node-7] [INFO] [1780341096.166972596] [data_logger_node]: DataLoggerNode started.  Writing to /tmp/thesis_logs/insertion_log_20260601_221136.csv  (rate=50.0 Hz)
[spawn_robot_sdf-3] [INFO] [1780341096.338221138] [ros_gz_sim]: Requesting list of world names.
[spawn_robot_sdf-3] [INFO] [1780341096.541265814] [ros_gz_sim]: Entity creation successful.
[spawn_robot_sdf-3] 
[INFO] [spawn_robot_sdf-3]: process has finished cleanly [pid 14299]
[INFO] [spawner-8]: process started with pid [14441]
[bridge_node-6] [INFO] [1780341096.755847365] [ft_sensor_bridge]: Creating GZ->ROS Bridge: [/world/peg_in_hole_world/model/lbr_iisy6_r1300/joint/ft_sensor_joint/sensor/ft_sensor/forcetorque (gz.msgs.Wrench) -> /world/peg_in_hole_world/model/lbr_iisy6_r1300/joint/ft_sensor_joint/sensor/ft_sensor/forcetorque (geometry_msgs/msg/Wrench)] (Lazy 0)
[bridge_node-4] [INFO] [1780341096.755968765] [ros_gz_bridge]: Creating GZ->ROS Bridge: [/clock (gz.msgs.Clock) -> /clock (rosgraph_msgs/msg/Clock)] (Lazy 0)
[bridge_node-4] [INFO] [1780341096.757303462] [ros_gz_bridge]: Creating GZ->ROS Bridge: [/joint_states (gz.msgs.Model) -> /joint_states (sensor_msgs/msg/JointState)] (Lazy 0)
[bridge_node-4] [INFO] [1780341096.759471957] [ros_gz_bridge]: Creating ROS->GZ Bridge: [/cmd_vel (geometry_msgs/msg/Twist) -> /cmd_vel (gz.msgs.Twist)] (Lazy 0)
[bridge_node-5] [INFO] [1780341096.760661355] [contact_ros_gz_bridge]: Creating GZ->ROS Bridge: [/gazebo/contacts/peg (gz.msgs.Contacts) -> /gazebo/contacts/peg (ros_gz_interfaces/msg/Contacts)] (Lazy 0)
[bridge_node-4] [INFO] [1780341096.760914054] [ros_gz_bridge]: Creating GZ->ROS Bridge: [/d405/color/image_raw (gz.msgs.Image) -> /d405/color/image_raw (sensor_msgs/msg/Image)] (Lazy 0)
[bridge_node-4] [INFO] [1780341096.762131052] [ros_gz_bridge]: Creating GZ->ROS Bridge: [/d405/depth/image_rect_raw (gz.msgs.Image) -> /d405/depth/image_rect_raw (sensor_msgs/msg/Image)] (Lazy 0)
[bridge_node-4] [INFO] [1780341096.763540749] [ros_gz_bridge]: Creating GZ->ROS Bridge: [/d405/depth/camera_info (gz.msgs.CameraInfo) -> /d405/depth/camera_info (sensor_msgs/msg/CameraInfo)] (Lazy 0)
[bridge_node-5] [INFO] [1780341096.764987546] [contact_ros_gz_bridge]: Creating GZ->ROS Bridge: [/gazebo/contacts/hole (gz.msgs.Contacts) -> /gazebo/contacts/hole (ros_gz_interfaces/msg/Contacts)] (Lazy 0)
[bridge_node-5] [INFO] [1780341096.765624744] [contact_ros_gz_bridge]: Creating GZ->ROS Bridge: [/gazebo/contacts/target (gz.msgs.Contacts) -> /gazebo/contacts/target (ros_gz_interfaces/msg/Contacts)] (Lazy 0)
[bridge_node-4] [INFO] [1780341096.766046343] [ros_gz_bridge]: Creating GZ->ROS Bridge: [/d405/color/camera_info (gz.msgs.CameraInfo) -> /d405/color/camera_info (sensor_msgs/msg/CameraInfo)] (Lazy 0)
[spawner-8] [INFO] [1780341097.065247918] [joint_state_broadcaster_spawner]: waiting for service /controller_manager/list_controllers to become available...
[gzserver-2] [1;36m[Dbg] [SystemManager.cc:80] [0m[1;36mLoaded system [[0m[1;36mgz::sim::systems::SceneBroadcaster[0m[1;36m] for entity [[0m[1;36m1[0m[1;36m][0m[1;36m[0m
[gzserver-2] [1;36m[Dbg] [SystemManager.cc:80] [0m[1;36mLoaded system [[0m[1;36mgz::sim::systems::Contact[0m[1;36m] for entity [[0m[1;36m1[0m[1;36m][0m[1;36m[0m
[gzserver-2] [1;36m[Dbg] [Sensors.cc:697] [0m[1;36mConfiguring Sensors system[0m[1;36m[0m
[gzserver-2] [1;36m[Dbg] [Sensors.cc:557] [0m[1;36mSensorsPrivate::Run[0m[1;36m[0m
[gzserver-2] [1;36m[Dbg] [SystemManager.cc:80] [0m[1;36mLoaded system [[0m[1;36mgz::sim::systems::Sensors[0m[1;36m] for entity [[0m[1;36m1[0m[1;36m][0m[1;36m[0m
[gzserver-2] [1;36m[Dbg] [Sensors.cc:532] [0m[1;36mSensorsPrivate::RenderThread started[0m[1;36m[0m
[gzserver-2] [1;36m[Dbg] [Sensors.cc:337] [0m[1;36mWaiting for init[0m[1;36m[0m
[gzserver-2] [1;36m[Dbg] [SystemManager.cc:80] [0m[1;36mLoaded system [[0m[1;36mgz::sim::systems::ForceTorque[0m[1;36m] for entity [[0m[1;36m1[0m[1;36m][0m[1;36m[0m
[gzserver-2] [1;32m[Msg] [0m[1;32mLoaded level [[0m[1;32mdefault[0m[1;32m][0m[1;32m[0m
[gzserver-2] [1;32m[Msg] [0m[1;32mServing world controls on [[0m[1;32m/world/peg_in_hole_world[0m[1;32m/control], [[0m[1;32m/world/peg_in_hole_world[0m[1;32m/control/state] and [[0m[1;32m/world/peg_in_hole_world[0m[1;32m/playback/control][0m[1;32m[0m
[gzserver-2] [1;32m[Msg] [0m[1;32mServing GUI information on [[0m[1;32m/world/peg_in_hole_world[0m[1;32m/[0m[1;32mgui/info[0m[1;32m][0m[1;32m[0m
[gzserver-2] [1;32m[Msg] [0m[1;32mWorld [[0m[1;32mpeg_in_hole_world[0m[1;32m] initialized with [[0m[1;32m1ms[0m[1;32m] physics profile.[0m[1;32m[0m
[gzserver-2] [1;32m[Msg] [0m[1;32mServing world SDF generation service on [[0m[1;32m/world/peg_in_hole_world[0m[1;32m/[0m[1;32mgenerate_world_sdf[0m[1;32m][0m[1;32m[0m
[gzserver-2] [1;32m[Msg] [0m[1;32mServing world names on [[0m[1;32m/gazebo/worlds[0m[1;32m][0m[1;32m[0m
[gzserver-2] [1;32m[Msg] [0m[1;32mResource path add service on [[0m[1;32m/gazebo/resource_paths/add[0m[1;32m].[0m[1;32m[0m
[gzserver-2] [1;32m[Msg] [0m[1;32mResource path get service on [[0m[1;32m/gazebo/resource_paths/get[0m[1;32m].[0m[1;32m[0m
[gzserver-2] [1;32m[Msg] [0m[1;32mResource path resolve service on [[0m[1;32m/gazebo/resource_paths/resolve[0m[1;32m].[0m[1;32m[0m
[gzserver-2] [1;32m[Msg] [0m[1;32mResource paths published on [[0m[1;32m/gazebo/resource_paths[0m[1;32m].[0m[1;32m[0m
[gzserver-2] [1;32m[Msg] [0m[1;32mServer control service on [[0m[1;32m/server_control[0m[1;32m].[0m[1;32m[0m
[gzserver-2] [1;32m[Msg] [0m[1;32mFound no publishers on /stats, adding root stats topic[0m[1;32m[0m
[gzserver-2] [1;32m[Msg] [0m[1;32mFound no publishers on /clock, adding root clock topic[0m[1;32m[0m
[gzserver-2] [1;36m[Dbg] [SimulationRunner.cc:551] [0m[1;36mCreating PostUpdate worker threads: [0m[1;36m5[0m[1;36m[0m
[gzserver-2] [1;36m[Dbg] [SimulationRunner.cc:562] [0m[1;36mCreating postupdate worker thread ([0m[1;36m0[0m[1;36m)[0m[1;36m[0m
[gzserver-2] [1;36m[Dbg] [SimulationRunner.cc:562] [0m[1;36mCreating postupdate worker thread ([0m[1;36m1[0m[1;36m)[0m[1;36m[0m
[gzserver-2] [1;36m[Dbg] [SimulationRunner.cc:562] [0m[1;36mCreating postupdate worker thread ([0m[1;36m2[0m[1;36m)[0m[1;36m[0m
[gzserver-2] [1;36m[Dbg] [SimulationRunner.cc:562] [0m[1;36mCreating postupdate worker thread ([0m[1;36m3[0m[1;36m)[0m[1;36m[0m
[gzserver-2] [1;33mWarning [Utils.cc:132][0m [/sdf/model[@name="lbr_iisy6_r1300_research_gripper"]/joint[@name="joint_1"]/axis/initial_position:<data-string>:L64]: XML Element[initial_position], child of element[axis], not defined in SDF. Copying[initial_position] as children of [axis].
[gzserver-2] [1;33mWarning [Utils.cc:132][0m [/sdf/model[@name="lbr_iisy6_r1300_research_gripper"]/joint[@name="joint_2"]/axis/initial_position:<data-string>:L121]: XML Element[initial_position], child of element[axis], not defined in SDF. Copying[initial_position] as children of [axis].
[gzserver-2] [1;33mWarning [Utils.cc:132][0m [/sdf/model[@name="lbr_iisy6_r1300_research_gripper"]/joint[@name="joint_3"]/axis/initial_position:<data-string>:L178]: XML Element[initial_position], child of element[axis], not defined in SDF. Copying[initial_position] as children of [axis].
[gzserver-2] [1;33mWarning [Utils.cc:132][0m [/sdf/model[@name="lbr_iisy6_r1300_research_gripper"]/joint[@name="joint_4"]/axis/initial_position:<data-string>:L235]: XML Element[initial_position], child of element[axis], not defined in SDF. Copying[initial_position] as children of [axis].
[gzserver-2] [1;33mWarning [Utils.cc:132][0m [/sdf/model[@name="lbr_iisy6_r1300_research_gripper"]/joint[@name="joint_5"]/axis/initial_position:<data-string>:L292]: XML Element[initial_position], child of element[axis], not defined in SDF. Copying[initial_position] as children of [axis].
[gzserver-2] [1;33mWarning [Utils.cc:132][0m [/sdf/model[@name="lbr_iisy6_r1300_research_gripper"]/joint[@name="joint_6"]/axis/initial_position:<data-string>:L349]: XML Element[initial_position], child of element[axis], not defined in SDF. Copying[initial_position] as children of [axis].
[gzserver-2] [INFO] [1780341097.857090762] [gz_ros_control]: [gz_ros2_control] Fixed joint [world-base_link] (Entity=86)] is skipped
[gzserver-2] [INFO] [1780341097.859538657] [gz_ros_control]: Loading controller_manager
[gzserver-2] [INFO] [1780341097.880606213] [controller_manager]: Using ROS clock for triggering controller manager cycles.
[gzserver-2] [INFO] [1780341097.884250105] [controller_manager]: Subscribing to '/robot_description' topic for robot description.
[gzserver-2] [WARN] [1780341097.888718696] [gz_ros_control]: Waiting RM to load and initialize hardware...
[gzserver-2] [INFO] [1780341097.894849183] [controller_manager]: Received robot description from topic.
[gzserver-2] [INFO] [1780341097.894908983] [controller_manager]: Enforcing command limits is disabled. Command limits from URDF will be ignored.
[gzserver-2] [INFO] [1780341097.898481575] [gz_ros_control]: The position_proportional_gain has been set to: 1000
[gzserver-2] [INFO] [1780341097.898600875] [gz_ros_control]: Loading joint: joint_1
[gzserver-2] [INFO] [1780341097.898609575] [gz_ros_control]: 	State:
[gzserver-2] [INFO] [1780341097.898615375] [gz_ros_control]: 		 position
[gzserver-2] [INFO] [1780341097.898633375] [gz_ros_control]: 			 found initial value: 0.000000
[gzserver-2] [INFO] [1780341097.898638475] [gz_ros_control]: 	Command:
[gzserver-2] [INFO] [1780341097.898641975] [gz_ros_control]: 		 position
[gzserver-2] [INFO] [1780341097.898654075] [gz_ros_control]: Loading joint: joint_2
[gzserver-2] [INFO] [1780341097.898657875] [gz_ros_control]: 	State:
[gzserver-2] [INFO] [1780341097.898660975] [gz_ros_control]: 		 position
[gzserver-2] [INFO] [1780341097.898669275] [gz_ros_control]: 			 found initial value: -0.800000
[gzserver-2] [INFO] [1780341097.898674075] [gz_ros_control]: 	Command:
[gzserver-2] [INFO] [1780341097.898677175] [gz_ros_control]: 		 position
[gzserver-2] [INFO] [1780341097.898686675] [gz_ros_control]: Loading joint: joint_3
[gzserver-2] [INFO] [1780341097.898690075] [gz_ros_control]: 	State:
[gzserver-2] [INFO] [1780341097.898693075] [gz_ros_control]: 		 position
[gzserver-2] [INFO] [1780341097.898697475] [gz_ros_control]: 			 found initial value: 1.200000
[gzserver-2] [INFO] [1780341097.898701475] [gz_ros_control]: 	Command:
[gzserver-2] [INFO] [1780341097.898704375] [gz_ros_control]: 		 position
[gzserver-2] [INFO] [1780341097.898712975] [gz_ros_control]: Loading joint: joint_4
[gzserver-2] [INFO] [1780341097.898716375] [gz_ros_control]: 	State:
[gzserver-2] [INFO] [1780341097.898719375] [gz_ros_control]: 		 position
[gzserver-2] [INFO] [1780341097.898722775] [gz_ros_control]: 			 found initial value: 0.000000
[gzserver-2] [INFO] [1780341097.898726375] [gz_ros_control]: 	Command:
[gzserver-2] [INFO] [1780341097.898729275] [gz_ros_control]: 		 position
[gzserver-2] [INFO] [1780341097.898737975] [gz_ros_control]: Loading joint: joint_5
[gzserver-2] [INFO] [1780341097.898741275] [gz_ros_control]: 	State:
[gzserver-2] [INFO] [1780341097.898744475] [gz_ros_control]: 		 position
[gzserver-2] [INFO] [1780341097.898748775] [gz_ros_control]: 			 found initial value: 0.800000
[gzserver-2] [INFO] [1780341097.898752675] [gz_ros_control]: 	Command:
[gzserver-2] [INFO] [1780341097.898755575] [gz_ros_control]: 		 position
[gzserver-2] [INFO] [1780341097.898764875] [gz_ros_control]: Loading joint: joint_6
[gzserver-2] [INFO] [1780341097.898768375] [gz_ros_control]: 	State:
[gzserver-2] [INFO] [1780341097.898771475] [gz_ros_control]: 		 position
[gzserver-2] [INFO] [1780341097.898776975] [gz_ros_control]: 			 found initial value: 0.000000
[gzserver-2] [INFO] [1780341097.898782975] [gz_ros_control]: 	Command:
[gzserver-2] [INFO] [1780341097.898786075] [gz_ros_control]: 		 position
[gzserver-2] [INFO] [1780341097.898852674] [gz_ros_control]: Loading sensor: ft_sensor
[gzserver-2] [INFO] [1780341097.898860174] [gz_ros_control]: 	State:
[gzserver-2] [INFO] [1780341097.898918874] [controller_manager]: Initialize hardware 'lbr_iisy6_r1300' 
[gzserver-2] [WARN] [1780341097.898932374] [controller_manager.hardware_component.system.lbr_iisy6_r1300]: Executor is not available during hardware component initialization for 'lbr_iisy6_r1300'. Skipping node creation!
[gzserver-2] [INFO] [1780341097.898978174] [controller_manager]: Successful initialization of hardware 'lbr_iisy6_r1300'
[gzserver-2] [INFO] [1780341097.899074174] [controller_manager]: Activating component 'lbr_iisy6_r1300'.
[gzserver-2] [INFO] [1780341097.899085274] [resource_manager]: 'configure' hardware 'lbr_iisy6_r1300' 
[gzserver-2] [INFO] [1780341097.899088674] [gz_ros_control]: System Successfully configured!
[gzserver-2] [INFO] [1780341097.899093074] [resource_manager]: Successful 'configure' of hardware 'lbr_iisy6_r1300'
[gzserver-2] [INFO] [1780341097.899098174] [resource_manager]: 'activate' hardware 'lbr_iisy6_r1300' 
[gzserver-2] [INFO] [1780341097.899122774] [resource_manager]: Successful 'activate' of hardware 'lbr_iisy6_r1300'
[gzserver-2] [WARN] [1780341097.899172174] [controller_manager]: Component 'lbr_iisy6_r1300' does not have read or write statistics initialized, skipping registration.
[gzserver-2] [INFO] [1780341097.899179774] [controller_manager]: Resource Manager has been successfully initialized. Starting Controller Manager services...
[gzserver-2] [INFO] [1780341098.069435918] [controller_manager]: Loading controller : 'joint_state_broadcaster' of type 'joint_state_broadcaster/JointStateBroadcaster'
[gzserver-2] [INFO] [1780341098.069496218] [controller_manager]: Loading controller 'joint_state_broadcaster'
[gzserver-2] [INFO] [1780341098.071992912] [controller_manager]: Controller 'joint_state_broadcaster' node arguments: --ros-args --params-file /home/omar/code/robotics_project/ros2_ws/install/kuka_resources/share/kuka_resources/config/fake_hardware_config_6_axis.yaml -p use_sim_time:=true --param use_sim_time:=true 
[spawner-8] [INFO] [1780341098.089987875] [joint_state_broadcaster_spawner]: Loaded joint_state_broadcaster
[gzserver-2] [INFO] [1780341098.091458572] [controller_manager]: Configuring controller: 'joint_state_broadcaster'
[gzserver-2] [INFO] [1780341098.091668471] [joint_state_broadcaster]: 'joints' or 'interfaces' parameter is empty. All available state interfaces will be published
[gzserver-2] [INFO] [1780341098.100940152] [controller_manager]: Activating controllers: [ joint_state_broadcaster ]
[gzserver-2] [1;36m[Dbg] [SystemManager.cc:80] [0m[1;36mLoaded system [[0m[1;36mgz_ros2_control::GazeboSimROS2ControlPlugin[0m[1;36m] for entity [[0m[1;36m53[0m[1;36m][0m[1;36m[0m
[gzserver-2] [1;36m[Dbg] [UserCommands.cc:1094] [0m[1;36mCreated entity [[0m[1;36m53[0m[1;36m] named [[0m[1;36mlbr_iisy6_r1300[0m[1;36m][0m[1;36m[0m
[gzserver-2] [1;32m[Msg] [0m[1;32mContact system publishing on [0m[1;32mworld/peg_in_hole_world/model/hole_fixture/link/fixture_link/sensor/hole_contact_sensor/contact[0m[1;32m[0m
[gzserver-2] [1;32m[Msg] [0m[1;32mContact system publishing on [0m[1;32mworld/peg_in_hole_world/model/target_plate/link/plate_link/sensor/target_contact_sensor/contact[0m[1;32m[0m
[gzserver-2] [1;36m[Dbg] [SDFFeatures.cc:332] [0m[1;36mMesh construction from an SDF has not been implemented yet for [0m[1;36mdartsim. Use AttachMeshShapeFeature to use mesh shapes.[0m
[gzserver-2] [1;36m[Dbg] [SDFFeatures.cc:864] [0m[1;36mThe geometry element of collision [[0m[1;36mbase_link_collision[0m[1;36m] [0m[1;36mcouldn't be created[0m
[gzserver-2] [1;36m[Dbg] [SDFFeatures.cc:332] [0m[1;36mMesh construction from an SDF has not been implemented yet for [0m[1;36mdartsim. Use AttachMeshShapeFeature to use mesh shapes.[0m
[gzserver-2] [1;36m[Dbg] [SDFFeatures.cc:864] [0m[1;36mThe geometry element of collision [[0m[1;36mlink_1_collision[0m[1;36m] [0m[1;36mcouldn't be created[0m
[gzserver-2] [1;36m[Dbg] [SDFFeatures.cc:332] [0m[1;36mMesh construction from an SDF has not been implemented yet for [0m[1;36mdartsim. Use AttachMeshShapeFeature to use mesh shapes.[0m
[gzserver-2] [1;36m[Dbg] [SDFFeatures.cc:864] [0m[1;36mThe geometry element of collision [[0m[1;36mlink_2_collision[0m[1;36m] [0m[1;36mcouldn't be created[0m
[gzserver-2] [1;36m[Dbg] [SDFFeatures.cc:332] [0m[1;36mMesh construction from an SDF has not been implemented yet for [0m[1;36mdartsim. Use AttachMeshShapeFeature to use mesh shapes.[0m
[gzserver-2] [1;36m[Dbg] [SDFFeatures.cc:864] [0m[1;36mThe geometry element of collision [[0m[1;36mlink_3_collision[0m[1;36m] [0m[1;36mcouldn't be created[0m
[gzserver-2] [1;36m[Dbg] [SDFFeatures.cc:332] [0m[1;36mMesh construction from an SDF has not been implemented yet for [0m[1;36mdartsim. Use AttachMeshShapeFeature to use mesh shapes.[0m
[gzserver-2] [1;36m[Dbg] [SDFFeatures.cc:864] [0m[1;36mThe geometry element of collision [[0m[1;36mlink_4_collision[0m[1;36m] [0m[1;36mcouldn't be created[0m
[gzserver-2] [1;36m[Dbg] [SDFFeatures.cc:332] [0m[1;36mMesh construction from an SDF has not been implemented yet for [0m[1;36mdartsim. Use AttachMeshShapeFeature to use mesh shapes.[0m
[gzserver-2] [1;36m[Dbg] [SDFFeatures.cc:864] [0m[1;36mThe geometry element of collision [[0m[1;36mlink_5_collision[0m[1;36m] [0m[1;36mcouldn't be created[0m
[gzserver-2] [1;36m[Dbg] [SDFFeatures.cc:332] [0m[1;36mMesh construction from an SDF has not been implemented yet for [0m[1;36mdartsim. Use AttachMeshShapeFeature to use mesh shapes.[0m
[gzserver-2] [1;36m[Dbg] [SDFFeatures.cc:864] [0m[1;36mThe geometry element of collision [[0m[1;36mlink_6_collision[0m[1;36m] [0m[1;36mcouldn't be created[0m
[gzserver-2] [1;36m[Dbg] [Sensors.cc:953] [0m[1;36mInitialization needed[0m[1;36m[0m
[gzserver-2] [1;36m[Dbg] [Sensors.cc:349] [0m[1;36mInitializing render context[0m[1;36m[0m
[gzserver-2] [1;32m[Msg] [0m[1;32mLoading plugin [[0m[1;32mgz-rendering-ogre[0m[1;32m][0m[1;32m[0m
[gzserver-2] [1;32m[Msg] [0m[1;32mServing scene information on [[0m[1;32m/world/peg_in_hole_world[0m[1;32m/[0m[1;32mscene/info[0m[1;32m][0m[1;32m[0m
[gzserver-2] [1;32m[Msg] [0m[1;32mServing graph information on [[0m[1;32m/world/peg_in_hole_world[0m[1;32m/[0m[1;32mscene/graph[0m[1;32m][0m[1;32m[0m
[gzserver-2] [1;32m[Msg] [0m[1;32mServing full state on [[0m[1;32m/world/peg_in_hole_world[0m[1;32m/[0m[1;32mstate[0m[1;32m][0m[1;32m[0m
[gzserver-2] [1;32m[Msg] [0m[1;32mServing full state (async) on [[0m[1;32m/world/peg_in_hole_world[0m[1;32m/[0m[1;32mstate_async[0m[1;32m][0m[1;32m[0m
[gzserver-2] [1;32m[Msg] [0m[1;32mPublishing scene information on [[0m[1;32m/world/peg_in_hole_world/scene/info[0m[1;32m][0m[1;32m[0m
[gzserver-2] [WARN] [1780341099.927769631] [gz_ros_control]:  Desired controller update period (0.02 s) is slower than the gazebo simulation period (0.001 s).
[gzserver-2] [1;33m[Wrn] [Component.hh:127] [0m[1;33mTrying to serialize component with data type [[0m[1;33mSt10shared_ptrIN3sdf3v147ElementEE[0m[1;33m], which doesn't have [0m[1;33m`operator<<`. Component will not be serialized.[0m[1;33m[0m
[gzserver-2] [1;32m[Msg] [0m[1;32mPublishing entity deletions on [[0m[1;32m/world/peg_in_hole_world/scene/deletion[0m[1;32m][0m[1;32m[0m
[gzserver-2] [1;32m[Msg] [0m[1;32mPublishing state changes on [[0m[1;32m/world/peg_in_hole_world/state[0m[1;32m][0m[1;32m[0m
[gzserver-2] [1;32m[Msg] [0m[1;32mPublishing pose messages on [[0m[1;32m/world/peg_in_hole_world[0m[1;32m/[0m[1;32mpose/info[0m[1;32m][0m[1;32m[0m
[gzserver-2] [1;32m[Msg] [0m[1;32mPublishing dynamic pose messages on [[0m[1;32m/world/peg_in_hole_world[0m[1;32m/[0m[1;32mdynamic_pose/info[0m[1;32m][0m[1;32m[0m
[gzserver-2] [1;36m[Dbg] [SimulationRunner.cc:578] [0m[1;36mExiting postupdate worker thread ([Dbg] [SimulationRunner.cc:578] [0m[1;36mExiting postupdate worker thread ([0m[1;36m1[0m[1;36m)[0m[1;36m[0m
[gzserver-2] [1;36m[Dbg] [SimulationRunner.cc:578] [0m[1;36mExiting postupdate worker thread ([0m[1;36m0[0m[1;36m)[0m[1;36mExiting postupdate worker thread ([0m[1;36m[0m
[gzserver-2] [1;36m)[0m[1;36m[0m
[gzserver-2] [1;36mExiting postupdate worker thread ([0m[1;36m2[0m[1;36m)[0m[1;36m[0m
[gzserver-2] [1;36m[Dbg] [SimulationRunner.cc:551] [0m[1;36mCreating PostUpdate worker threads: [0m[1;36m6[0m[1;36m[0m
[gzserver-2] [1;36m[Dbg] [SimulationRunner.cc:562] [0m[1;36mCreating postupdate worker thread ([0m[1;36m0[0m[1;36m)[0m[1;36m[0m
[gzserver-2] [1;36m[Dbg] [SimulationRunner.cc:562] [0m[1;36mCreating postupdate worker thread ([0m[1;36m1[0m[1;36m)[0m[1;36m[0m
[gzserver-2] [1;36m[Dbg] [SimulationRunner.cc:562] [0m[1;36mCreating postupdate worker thread ([0m[1;36m2[0m[1;36m)[0m[1;36m[0m
[gzserver-2] [1;36m[Dbg] [SimulationRunner.cc:562] [0m[1;36mCreating postupdate worker thread ([0m[1;36m3[0m[1;36m)[0m[1;36m[0m
[gzserver-2] [1;36m[Dbg] [SimulationRunner.cc:562] [0m[1;36mCreating postupdate worker thread ([0m[1;36m4[0m[1;36m)[0m[1;36m[0m
[gzserver-2] [1;36m[Dbg] [ForceTorque.cc:154] [0m[1;36mAdding JointTransmittedWrench to: [0m[1;36m93[0m[1;36m[0m
[gzserver-2] [1;36m[Dbg] [EntityComponentManager.cc:1656] [0m[1;36mUpdated state thread iterators: [0m[1;36m8[0m[1;36m threads processing around [0m[1;36m12[0m[1;36m entities each.[0m[1;36m[0m
[gzserver-2] [1;36m[Dbg] [RenderUtil.cc:2646] [0m[1;36mCreate scene [[0m[1;36mscene[0m[1;36m][0m[1;36m[0m
[gzserver-2] [1;36m[Dbg] [Sensors.cc:391] [0m[1;36mRendering Thread initialized[0m[1;36m[0m
[gzserver-2] [1;36m[Dbg] [Sensors.cc:953] [0m[1;36mInitialization needed[0m[1;36m[0m
[gzserver-2] [1;33mWarning [Utils.cc:132][0m [/sdf/model[@name="lbr_iisy6_r1300_research_gripper"]/joint[@name="joint_1"]/axis/initial_position:<data-string>:L62]: XML Element[initial_position], child of element[axis], not defined in SDF. Copying[initial_position] as children of [axis].
[gzserver-2] [1;33mWarning [Utils.cc:132][0m [/sdf/model[@name="lbr_iisy6_r1300_research_gripper"]/joint[@name="joint_2"]/axis/initial_position:<data-string>:L120]: XML Element[initial_position], child of element[axis], not defined in SDF. Copying[initial_position] as children of [axis].
[gzserver-2] [1;33mWarning [Utils.cc:132][0m [/sdf/model[@name="lbr_iisy6_r1300_research_gripper"]/joint[@name="joint_3"]/axis/initial_position:<data-string>:L178]: XML Element[initial_position], child of element[axis], not defined in SDF. Copying[initial_position] as children of [axis].
[gzserver-2] [1;33mWarning [Utils.cc:132][0m [/sdf/model[@name="lbr_iisy6_r1300_research_gripper"]/joint[@name="joint_4"]/axis/initial_position:<data-string>:L236]: XML Element[initial_position], child of element[axis], not defined in SDF. Copying[initial_position] as children of [axis].
[gzserver-2] [1;33mWarning [Utils.cc:132][0m [/sdf/model[@name="lbr_iisy6_r1300_research_gripper"]/joint[@name="joint_5"]/axis/initial_position:<data-string>:L294]: XML Element[initial_position], child of element[axis], not defined in SDF. Copying[initial_position] as children of [axis].
[gzserver-2] [1;33mWarning [Utils.cc:132][0m [/sdf/model[@name="lbr_iisy6_r1300_research_gripper"]/joint[@name="joint_6"]/axis/initial_position:<data-string>:L352]: XML Element[initial_position], child of element[axis], not defined in SDF. Copying[initial_position] as children of [axis].
[gzserver-2] [1;33m[Wrn] [Component.hh:172] [0m[1;33mTrying to deserialize component with data type [[0m[1;33mSt10shared_ptrIN3sdf3v147ElementEE[0m[1;33m], which doesn't have [0m[1;33m`operator>>`. Component will not be deserialized.[0m[1;33m[0m
[gzserver-2] [INFO] [1780341100.246737664] [gzserver]: InitializeCanonicalLinks
[gzserver-2] [INFO] [1780341100.247281963] [gzserver]: Creating services on gzserver
[gzserver-2] [INFO] [1780341100.250315457] [gzserver]: Created service /gzserver/delete_entity
[gzserver-2] [INFO] [1780341100.251642054] [gzserver]: Created service /gzserver/get_entities
[gzserver-2] [INFO] [1780341100.252755652] [gzserver]: Created service /gzserver/get_entity_info
[gzserver-2] [INFO] [1780341100.254039249] [gzserver]: Created service /gzserver/get_entity_state
[gzserver-2] [INFO] [1780341100.255376546] [gzserver]: Created service /gzserver/get_entities_states
[gzserver-2] [INFO] [1780341100.256765443] [gzserver]: Created service /gzserver/get_simulation_state
[gzserver-2] [INFO] [1780341100.257901741] [gzserver]: Created service /gzserver/get_simulator_features
[gzserver-2] [INFO] [1780341100.258895339] [gzserver]: Created service /gzserver/reset_simulation
[gzserver-2] [INFO] [1780341100.259897037] [gzserver]: Created service /gzserver/set_entity_state
[gzserver-2] [INFO] [1780341100.260973235] [gzserver]: Created service /gzserver/set_simulation_state
[gzserver-2] [INFO] [1780341100.262201932] [gzserver]: Created service /gzserver/spawn_entity
[gzserver-2] [INFO] [1780341100.263220630] [gzserver]: Created service /gzserver/step_simulation
[gzserver-2] [INFO] [1780341100.271079014] [gzserver]: Created action /gzserver/simulate_steps
[gzserver-2] [INFO] [1780341100.440043760] [gz_ros_control]: ForceTorque ft_sensor has a topic name: world/peg_in_hole_world/model/lbr_iisy6_r1300/joint/ft_sensor_joint/sensor/ft_sensor/forcetorque
[gzserver-2] [INFO] [1780341100.440479359] [controller_manager]: Successfully switched controllers!
[spawner-8] [INFO] [1780341100.501522232] [joint_state_broadcaster_spawner]: Configured and activated joint_state_broadcaster
[gzserver-2] [1;36m[Dbg] [CameraSensor.cc:405] [0m[1;36mCamera images for [[0m[1;36md405_rgbd_camera::camera_link::d405_color[0m[1;36m] advertised on [[0m[1;36m/d405/color/image_raw[0m[1;36m][0m[1;36m[0m
[gzserver-2] [1;36m[Dbg] [CameraSensor.cc:695] [0m[1;36mCamera info for [[0m[1;36md405_rgbd_camera::camera_link::d405_color[0m[1;36m] advertised on [[0m[1;36m/d405/color/camera_info[0m[1;36m][0m[1;36m[0m
[gzserver-2] [1;36m[Dbg] [DepthCameraSensor.cc:283] [0m[1;36mDepth images for [[0m[1;36md405_rgbd_camera::camera_link::d405_depth[0m[1;36m] advertised on [[0m[1;36m/d405/depth/image_rect_raw[0m[1;36m][0m[1;36m[0m
[gzserver-2] [1;36m[Dbg] [CameraSensor.cc:695] [0m[1;36mCamera info for [[0m[1;36md405_rgbd_camera::camera_link::d405_depth[0m[1;36m] advertised on [[0m[1;36m/d405/depth/camera_info[0m[1;36m][0m[1;36m[0m
[gzserver-2] [1;36m[Dbg] [DepthCameraSensor.cc:311] [0m[1;36mPoints for [[0m[1;36md405_rgbd_camera::camera_link::d405_depth[0m[1;36m] advertised on [[0m[1;36m/d405/depth/image_rect_raw[0m[1;36m/points][0m[1;36m[0m
[gzserver-2] [1;36m[Dbg] [CameraSensor.cc:504] [0m[1;36mEnabling camera sensor: '[0m[1;36md405_rgbd_camera::camera_link::d405_color[0m[1;36m' data [0m[1;36mgeneration.[0m[1;36m[0m
[INFO] [spawner-8]: process has finished cleanly [pid 14441]
[INFO] [spawner-9]: process started with pid [14513]
[spawner-9] [INFO] [1780341101.212183966] [joint_trajectory_controller_spawner]: waiting for service /controller_manager/list_controllers to become available...
[gzserver-2] [INFO] [1780341102.465755995] [controller_manager]: Loading controller : 'joint_trajectory_controller' of type 'joint_trajectory_controller/JointTrajectoryController'
[gzserver-2] [INFO] [1780341102.465886294] [controller_manager]: Loading controller 'joint_trajectory_controller'
[gzserver-2] [INFO] [1780341102.470167885] [controller_manager]: Controller 'joint_trajectory_controller' node arguments: --ros-args --params-file /home/omar/code/robotics_project/ros2_ws/install/kuka_resources/share/kuka_resources/config/fake_hardware_config_6_axis.yaml -p use_sim_time:=true --param use_sim_time:=true 
[spawner-9] [INFO] [1780341102.555228297] [joint_trajectory_controller_spawner]: Loaded joint_trajectory_controller
[gzserver-2] [INFO] [1780341102.556852093] [controller_manager]: Configuring controller: 'joint_trajectory_controller'
[gzserver-2] [INFO] [1780341102.557098393] [joint_trajectory_controller]: No specific joint names are used for command interfaces. Using 'joints' parameter.
[gzserver-2] [INFO] [1780341102.557154592] [joint_trajectory_controller]: Command interfaces are [position] and state interfaces are [position].
[gzserver-2] [INFO] [1780341102.557186992] [joint_trajectory_controller]: Using 'splines' interpolation method.
[gzserver-2] [INFO] [1780341102.560002186] [joint_trajectory_controller]: Action status changes will be monitored at 20.00 Hz.
[gzserver-2] [INFO] [1780341102.578100446] [joint_trajectory_controller]: Setting initial scaling factor to 1.000000
[gzserver-2] [INFO] [1780341102.578156546] [joint_trajectory_controller]: No scaling interface set. This controller will not read speed scaling from the hardware.
[gzserver-2] [INFO] [1780341102.623299646] [controller_manager]: Activating controllers: [ joint_trajectory_controller ]
[gzserver-2] [INFO] [1780341102.693294591] [controller_manager]: Successfully switched controllers!
[spawner-9] [INFO] [1780341102.760058444] [joint_trajectory_controller_spawner]: Configured and activated joint_trajectory_controller
[INFO] [spawner-9]: process has finished cleanly [pid 14513]
[INFO] [admittance_insertion_node-10]: process started with pid [14530]
[admittance_insertion_node-10] [INFO] [1780341103.414498897] [admittance_insertion_node]: AdmittanceInsertionNode v2 (honest tracking).  contact_threshold=5.0 N, safety_threshold=350.0 N, control_rate=10.0 Hz, approach_speed=0.010
[admittance_insertion_node-10] [INFO] [1780341105.402297602] [admittance_insertion_node]: State transition: IDLE -> MOVING_TO_START
[admittance_insertion_node-10] [INFO] [1780341105.508923066] [admittance_insertion_node]: MOVING_TO_START: trajectory published. duration=20.2s, waypoints=9, dist=0.6719
[admittance_insertion_node-10] [INFO] [1780341105.509692064] [admittance_insertion_node]: MOVING_TO_START t=0.0s  peg=(0.725, 0.247, 1.134)  cart_err=0.552  stable=0/5
[admittance_insertion_node-10] [INFO] [1780341110.502589213] [admittance_insertion_node]: MOVING_TO_START t=5.0s  peg=(0.716, 0.209, 1.079)  cart_err=0.493  stable=0/5
[admittance_insertion_node-10] [INFO] [1780341115.502750627] [admittance_insertion_node]: MOVING_TO_START t=10.0s  peg=(0.772, 0.170, 0.945)  cart_err=0.452  stable=0/5
[admittance_insertion_node-10] [INFO] [1780341120.502589255] [admittance_insertion_node]: MOVING_TO_START t=15.0s  peg=(0.722, 0.229, 1.128)  cart_err=0.532  stable=0/5
[admittance_insertion_node-10] [INFO] [1780341125.502693792] [admittance_insertion_node]: MOVING_TO_START t=20.0s  peg=(0.757, 0.156, 0.985)  cart_err=0.439  stable=0/5
[admittance_insertion_node-10] [INFO] [1780341130.502624158] [admittance_insertion_node]: MOVING_TO_START t=25.0s  peg=(0.549, 0.113, 1.073)  cart_err=0.366  stable=0/5
[admittance_insertion_node-10] [INFO] [1780341135.502557410] [admittance_insertion_node]: MOVING_TO_START t=30.0s  peg=(0.527, 0.103, 1.037)  cart_err=0.339  stable=0/5
[admittance_insertion_node-10] [INFO] [1780341140.502653049] [admittance_insertion_node]: MOVING_TO_START t=35.0s  peg=(0.500, 0.001, 0.941)  cart_err=0.209  stable=0/5
[admittance_insertion_node-10] [INFO] [1780341145.502556805] [admittance_insertion_node]: MOVING_TO_START t=40.0s  peg=(0.546, 0.029, 1.001)  cart_err=0.258  stable=0/5
[admittance_insertion_node-10] [INFO] [1780341150.502684837] [admittance_insertion_node]: MOVING_TO_START t=45.0s  peg=(0.610, -0.043, 0.930)  cart_err=0.186  stable=0/5
[admittance_insertion_node-10] [WARN] [1780341151.002777363] [admittance_insertion_node]: MOVING_TO_START degraded (45.5s at 0.088m, within grace 0.12m). Proceeding.
[admittance_insertion_node-10] [INFO] [1780341151.003422762] [admittance_insertion_node]: MOVING_TO_START complete. peg=(0.5107, -0.1133, 0.8930)  xy_error=0.0872m  cart_err=0.088m  joint_err=0.118rad  Fz=17.3N  baseline=17.5N
[admittance_insertion_node-10] [ERROR] [1780341151.003985761] [admittance_insertion_node]: APPROACH blocked: above-hole XY error 0.0872m exceeds no-contact descent precondition 0.0300m.
[admittance_insertion_node-10] [INFO] [1780341151.004338260] [admittance_insertion_node]: State transition: MOVING_TO_START -> ABORT
[admittance_insertion_node-10] [INFO] [1780341151.102706949] [admittance_insertion_node]: Retreating to SAFE_HOME. duration=5.5s
[admittance_insertion_node-10] [INFO] [1780341167.002640826] [admittance_insertion_node]: State transition: ABORT -> DONE
[admittance_insertion_node-10] [INFO] [1780341167.003705724] [admittance_insertion_node]: 
[admittance_insertion_node-10] ========== TRIAL OUTCOME ==========
[admittance_insertion_node-10]   Outcome: ABORTED
[admittance_insertion_node-10]   Reason:  APPROACH blocked: above-hole XY error 0.0872m exceeds no-contact descent precondition 0.0300m.
[admittance_insertion_node-10]   Depth:   0.0000m
[admittance_insertion_node-10]   Max Fz:  193.2N
[admittance_insertion_node-10]   Baseline:19.6N
[admittance_insertion_node-10]   Contact: 168.4N
[admittance_insertion_node-10]   XY err:  0.0000m
[admittance_insertion_node-10] ====================================
[admittance_insertion_node-10] [INFO] [1780341167.004707822] [admittance_insertion_node]:   Phase MOVING_TO_START: FAIL cart_err=0.0875m TIMEOUT APPROACH blocked: above-hole XY error 0.0872m exceeds no-contact descent precondition 0.0300m.
[WARNING] [launch]: user interrupted with ctrl-c (SIGINT)
[INFO] [admittance_insertion_node-10]: sending signal 'SIGINT' to process[admittance_insertion_node-10]
[INFO] [data_logger_node-7]: sending signal 'SIGINT' to process[data_logger_node-7]
[INFO] [bridge_node-6]: sending signal 'SIGINT' to process[bridge_node-6]
[INFO] [bridge_node-5]: sending signal 'SIGINT' to process[bridge_node-5]
[INFO] [bridge_node-4]: sending signal 'SIGINT' to process[bridge_node-4]
[INFO] [gzserver-2]: sending signal 'SIGINT' to process[gzserver-2]
[INFO] [robot_state_publisher-1]: sending signal 'SIGINT' to process[robot_state_publisher-1]
[admittance_insertion_node-10] [INFO] [1780341167.828579045] [admittance_insertion_node]: Keyboard interrupt - shutting down.
[admittance_insertion_node-10] Failed to publish log message to rosout: publisher's context is invalid, at ./src/rcl/publisher.c:423
[bridge_node-6] [INFO] [1780341167.829883742] [rclcpp]: signal_handler(SIGINT/SIGTERM)
[data_logger_node-7] [INFO] [1780341167.829989742] [data_logger_node]: Keyboard interrupt – shutting down.
[data_logger_node-7] Failed to publish log message to rosout: publisher's context is invalid, at ./src/rcl/publisher.c:423
[data_logger_node-7] [INFO] [1780341167.830359541] [data_logger_node]: CSV closed: /tmp/thesis_logs/insertion_log_20260601_221136.csv  (3583 rows written)
[data_logger_node-7] Failed to publish log message to rosout: publisher's context is invalid, at ./src/rcl/publisher.c:423
[bridge_node-5] [INFO] [1780341167.830548240] [rclcpp]: signal_handler(SIGINT/SIGTERM)
[bridge_node-4] [INFO] [1780341167.833668134] [rclcpp]: signal_handler(SIGINT/SIGTERM)
[robot_state_publisher-1] [INFO] [1780341167.834166733] [rclcpp]: signal_handler(SIGINT/SIGTERM)
[INFO] [robot_state_publisher-1]: process has finished cleanly [pid 14297]
[INFO] [admittance_insertion_node-10]: process has finished cleanly [pid 14530]
[INFO] [data_logger_node-7]: process has finished cleanly [pid 14303]
[ERROR] [bridge_node-5]: process has died [pid 14301, exit code -11, cmd '/opt/ros/jazzy/lib/ros_gz_bridge/bridge_node --ros-args --log-level info --ros-args -r __node:=contact_ros_gz_bridge -r __ns:=/ --params-file /tmp/launch_params_fgmqzmxq'].
[ERROR] [bridge_node-4]: process has died [pid 14300, exit code -11, cmd '/opt/ros/jazzy/lib/ros_gz_bridge/bridge_node --ros-args --log-level info --ros-args -r __node:=ros_gz_bridge -r __ns:=/ --params-file /tmp/launch_params_4ni6o76k'].
[ERROR] [bridge_node-6]: process has died [pid 14302, exit code -11, cmd '/opt/ros/jazzy/lib/ros_gz_bridge/bridge_node --ros-args -r __node:=ft_sensor_bridge --params-file /tmp/launch_params_faqxsov7 -r /world/peg_in_hole_world/model/lbr_iisy6_r1300/joint/ft_sensor_joint/sensor/ft_sensor/forcetorque:=/ft_sensor_wrench'].
[ERROR] [gzserver-2]: process[gzserver-2] failed to terminate '5' seconds after receiving 'SIGINT', escalating to 'SIGTERM'
[INFO] [gzserver-2]: sending signal 'SIGTERM' to process[gzserver-2]
