[INFO] [launch]: All log files can be found below diagnostics/research_baseline_force_safe_insert_v3/ros_logs/2026-06-01-21-59-03-347067-DESKTOP-GVPFGND-12268
[INFO] [launch]: Default logging verbosity is set to INFO
[INFO] [launch.user]: Phase 2B unified research baseline: launching Gazebo world peg_in_hole_description/worlds/peg_in_hole_world.sdf (/home/omar/code/robotics_project/ros2_ws/install/peg_in_hole_description/share/peg_in_hole_description/worlds/peg_in_hole_world.sdf)
[INFO] [launch.user]: Phase 2B unified research baseline: spawning robot kuka_lbr_iisy using project robot description peg_in_hole_description/urdf/lbr_iisy6_r1300_research_gripper.urdf.xacro for KUKA model lbr_iisy6_r1300 (family: lbr_iisy) at xyz/rpy [0.80, -0.75, 0.735, 0, 0, 1.5708]
[INFO] [launch.user]: Phase 2B unified research baseline: task peg_in_hole uses table frame work_table, target frame hole_center, insertion axis z
[INFO] [launch.user]: Phase 2B unified research baseline: expected controller stack is joint_state_broadcaster + joint_trajectory_controller
[INFO] [launch.user]: Phase 2B unified research baseline: Gazebo initial arm safe_home joint pose is [0.0, -0.8, 1.2, 0.0, 0.8, 0.0]
[INFO] [robot_state_publisher-1]: process started with pid [12272]
[INFO] [gzserver-2]: process started with pid [12273]
[INFO] [spawn_robot_sdf-3]: process started with pid [12274]
[INFO] [bridge_node-4]: process started with pid [12275]
[INFO] [bridge_node-5]: process started with pid [12276]
[INFO] [bridge_node-6]: process started with pid [12277]
[INFO] [data_logger_node-7]: process started with pid [12278]
[robot_state_publisher-1] [INFO] [1780340351.630042102] [robot_state_publisher]: Robot initialized
[gzserver-2] [1;32m[Msg] [0m[1;32mLoading SDF world file[[0m[1;32m/home/omar/code/robotics_project/ros2_ws/install/peg_in_hole_description/share/peg_in_hole_description/worlds/peg_in_hole_world.sdf[0m[1;32m].[0m
[gzserver-2] [1;33mWarning [Utils.cc:132][0m [/sdf/world[@name="peg_in_hole_world"]/model[@name="d405_rgbd_camera"]/link[@name="camera_link"]/visual[@name="camera_visual"]/geometry/box[@size="0.03 0.025 0.02"]:/home/omar/code/robotics_project/ros2_ws/install/peg_in_hole_description/share/peg_in_hole_description/worlds/peg_in_hole_world.sdf:L117]: XML Attribute[size] in element[box] not defined in SDF.
[gzserver-2] [1;33m[Wrn] [SystemLoader.cc:75] [0m[1;33mTrying to load deprecated plugin [[0m[1;33mignition-gazebo-physics-system[0m[1;33m]. Using [[0m[1;33mgz-sim-physics-system[0m[1;33m] instead.[0m[1;33m[0m
[bridge_node-5] [INFO] [1780340353.759533321] [contact_ros_gz_bridge]: Creating GZ->ROS Bridge: [/gazebo/contacts/peg (gz.msgs.Contacts) -> /gazebo/contacts/peg (ros_gz_interfaces/msg/Contacts)] (Lazy 0)
[bridge_node-4] [INFO] [1780340353.806249818] [ros_gz_bridge]: Creating GZ->ROS Bridge: [/clock (gz.msgs.Clock) -> /clock (rosgraph_msgs/msg/Clock)] (Lazy 0)
[bridge_node-4] [INFO] [1780340353.836311952] [ros_gz_bridge]: Creating GZ->ROS Bridge: [/joint_states (gz.msgs.Model) -> /joint_states (sensor_msgs/msg/JointState)] (Lazy 0)
[bridge_node-4] [INFO] [1780340353.876057165] [ros_gz_bridge]: Creating ROS->GZ Bridge: [/cmd_vel (geometry_msgs/msg/Twist) -> /cmd_vel (gz.msgs.Twist)] (Lazy 0)
[bridge_node-4] [INFO] [1780340353.934421837] [ros_gz_bridge]: Creating GZ->ROS Bridge: [/d405/color/image_raw (gz.msgs.Image) -> /d405/color/image_raw (sensor_msgs/msg/Image)] (Lazy 0)
[bridge_node-4] [INFO] [1780340353.937464030] [ros_gz_bridge]: Creating GZ->ROS Bridge: [/d405/depth/image_rect_raw (gz.msgs.Image) -> /d405/depth/image_rect_raw (sensor_msgs/msg/Image)] (Lazy 0)
[bridge_node-4] [INFO] [1780340353.940035824] [ros_gz_bridge]: Creating GZ->ROS Bridge: [/d405/depth/camera_info (gz.msgs.CameraInfo) -> /d405/depth/camera_info (sensor_msgs/msg/CameraInfo)] (Lazy 0)
[bridge_node-4] [INFO] [1780340353.943104218] [ros_gz_bridge]: Creating GZ->ROS Bridge: [/d405/color/camera_info (gz.msgs.CameraInfo) -> /d405/color/camera_info (sensor_msgs/msg/CameraInfo)] (Lazy 0)
[bridge_node-6] [INFO] [1780340353.945134613] [ft_sensor_bridge]: Creating GZ->ROS Bridge: [/world/peg_in_hole_world/model/lbr_iisy6_r1300/joint/ft_sensor_joint/sensor/ft_sensor/forcetorque (gz.msgs.Wrench) -> /world/peg_in_hole_world/model/lbr_iisy6_r1300/joint/ft_sensor_joint/sensor/ft_sensor/forcetorque (geometry_msgs/msg/Wrench)] (Lazy 0)
[bridge_node-5] [INFO] [1780340353.968104863] [contact_ros_gz_bridge]: Creating GZ->ROS Bridge: [/gazebo/contacts/hole (gz.msgs.Contacts) -> /gazebo/contacts/hole (ros_gz_interfaces/msg/Contacts)] (Lazy 0)
[bridge_node-5] [INFO] [1780340353.970117458] [contact_ros_gz_bridge]: Creating GZ->ROS Bridge: [/gazebo/contacts/target (gz.msgs.Contacts) -> /gazebo/contacts/target (ros_gz_interfaces/msg/Contacts)] (Lazy 0)
[gzserver-2] [1;32m[Msg] [0m[1;32mServing entity system service on [[0m[1;32m/[0m[1;32mentity/system/add[0m[1;32m][0m[1;32m[0m
[data_logger_node-7] [INFO] [1780340354.256783928] [data_logger_node]: DataLoggerNode started.  Writing to /tmp/thesis_logs/insertion_log_20260601_215914.csv  (rate=50.0 Hz)
[gzserver-2] [1;33m[Wrn] [SystemLoader.cc:75] [0m[1;33mTrying to load deprecated plugin [[0m[1;33mignition-gazebo-user-commands-system[0m[1;33m]. Using [[0m[1;33mgz-sim-user-commands-system[0m[1;33m] instead.[0m[1;33m[0m
[gzserver-2] [1;33m[Wrn] [SystemLoader.cc:75] [0m[1;33mTrying to load deprecated plugin [[0m[1;33mignition-gazebo-scene-broadcaster-system[0m[1;33m]. Using [[0m[1;33mgz-sim-scene-broadcaster-system[0m[1;33m] instead.[0m[1;33m[0m
[gzserver-2] [1;33m[Wrn] [SystemLoader.cc:75] [0m[1;33mTrying to load deprecated plugin [[0m[1;33mignition-gazebo-contact-system[0m[1;33m]. Using [[0m[1;33mgz-sim-contact-system[0m[1;33m] instead.[0m[1;33m[0m
[gzserver-2] [1;36m[Dbg] [Physics.cc:906] [0m[1;36mLoaded [[0m[1;36mgz::physics::dartsim::Plugin[0m[1;36m] from library [[0m[1;36m/opt/ros/jazzy/opt/gz_physics_vendor/lib/gz-physics-7/engine-plugins/libgz-physics-dartsim-plugin.so[0m[1;36m][0m[1;36m[0m
[gzserver-2] [1;36m[Dbg] [SystemManager.cc:80] [0m[1;36mLoaded system [[0m[1;36mgz::sim::systems::Physics[0m[1;36m] for entity [[0m[1;36m1[0m[1;36m][0m[1;36m[0m
[gzserver-2] [1;32m[Msg] [0m[1;32mCreate[0m[1;32m service on [[0m[1;32m/world/peg_in_hole_world/create_multiple[0m[1;32m] (async)[0m[1;32m[0m
[gzserver-2] [1;32m[Msg] [0m[1;32mCreate[0m[1;32m service on [[0m[1;32m/world/peg_in_hole_world/create_multiple/blocking[0m[1;32m] (blocking)[0m[1;32m[0m
[gzserver-2] [1;32m[Msg] [0m[1;32mRemove[0m[1;32m service on [[0m[1;32m/world/peg_in_hole_world/remove[0m[1;32m] (async)[0m[1;32m[0m
[gzserver-2] [1;32m[Msg] [0m[1;32mRemove[0m[1;32m service on [[0m[1;32m/world/peg_in_hole_world/remove/blocking[0m[1;32m] (blocking)[0m[1;32m[0m
[gzserver-2] [1;32m[Msg] [0m[1;32mPose[0m[1;32m service on [[0m[1;32m/world/peg_in_hole_world/set_pose[0m[1;32m] (async)[0m[1;32m[0m
[gzserver-2] [1;32m[Msg] [0m[1;32mPose[0m[1;32m service on [[0m[1;32m/world/peg_in_hole_world/set_pose/blocking[0m[1;32m] (blocking)[0m[1;32m[0m
[gzserver-2] [1;32m[Msg] [0m[1;32mPose[0m[1;32m service on [[0m[1;32m/world/peg_in_hole_world/set_pose_vector[0m[1;32m] (async)[0m[1;32m[0m
[gzserver-2] [1;32m[Msg] [0m[1;32mPose[0m[1;32m service on [[0m[1;32m/world/peg_in_hole_world/set_pose_vector/blocking[0m[1;32m] (blocking)[0m[1;32m[0m
[gzserver-2] [1;32m[Msg] [0m[1;32mLight configuration[0m[1;32m service on [[0m[1;32m/world/peg_in_hole_world/light_config[0m[1;32m] (async)[0m[1;32m[0m
[gzserver-2] [1;32m[Msg] [0m[1;32mLight configuration[0m[1;32m service on [[0m[1;32m/world/peg_in_hole_world/light_config/blocking[0m[1;32m] (blocking)[0m[1;32m[0m
[gzserver-2] [1;32m[Msg] [0m[1;32mPhysics[0m[1;32m service on [[0m[1;32m/world/peg_in_hole_world/set_physics[0m[1;32m] (async)[0m[1;32m[0m
[gzserver-2] [1;32m[Msg] [0m[1;32mPhysics[0m[1;32m service on [[0m[1;32m/world/peg_in_hole_world/set_physics/blocking[0m[1;32m] (blocking)[0m[1;32m[0m
[gzserver-2] [1;32m[Msg] [0m[1;32mSphericalCoordinates[0m[1;32m service on [[0m[1;32m/world/peg_in_hole_world/set_spherical_coordinates[0m[1;32m] (async)[0m[1;32m[0m
[gzserver-2] [1;32m[Msg] [0m[1;32mSphericalCoordinates[0m[1;32m service on [[0m[1;32m/world/peg_in_hole_world/set_spherical_coordinates/blocking[0m[1;32m] (blocking)[0m[1;32m[0m
[gzserver-2] [1;32m[Msg] [0m[1;32mEnable collision[0m[1;32m service on [[0m[1;32m/world/peg_in_hole_world/enable_collision[0m[1;32m] (async)[0m[1;32m[0m
[gzserver-2] [1;32m[Msg] [0m[1;32mEnable collision[0m[1;32m service on [[0m[1;32m/world/peg_in_hole_world/enable_collision/blocking[0m[1;32m] (blocking)[0m[1;32m[0m
[gzserver-2] [1;32m[Msg] [0m[1;32mDisable collision[0m[1;32m service on [[0m[1;32m/world/peg_in_hole_world/disable_collision[0m[1;32m] (async)[0m[1;32m[0m
[gzserver-2] [1;32m[Msg] [0m[1;32mDisable collision[0m[1;32m service on [[0m[1;32m/world/peg_in_hole_world/disable_collision/blocking[0m[1;32m] (blocking)[0m[1;32m[0m
[gzserver-2] [1;32m[Msg] [0m[1;32mMaterial[0m[1;32m service on [[0m[1;32m/world/peg_in_hole_world/visual_config[0m[1;32m] (async)[0m[1;32m[0m
[gzserver-2] [1;32m[Msg] [0m[1;32mMaterial[0m[1;32m service on [[0m[1;32m/world/peg_in_hole_world/visual_config/blocking[0m[1;32m] (blocking)[0m[1;32m[0m
[gzserver-2] [1;32m[Msg] [0m[1;32mMaterial[0m[1;32m service on [[0m[1;32m/world/peg_in_hole_world/wheel_slip[0m[1;32m] (async)[0m[1;32m[0m
[gzserver-2] [1;32m[Msg] [0m[1;32mMaterial[0m[1;32m service on [[0m[1;32m/world/peg_in_hole_world/wheel_slip/blocking[0m[1;32m] (blocking)[0m[1;32m[0m
[gzserver-2] [1;36m[Dbg] [SystemManager.cc:80] [0m[1;36mLoaded system [[0m[1;36mgz::sim::systems::UserCommands[0m[1;36m] for entity [[0m[1;36m1[0m[1;36m][0m[1;36m[0m
[gzserver-2] [1;36m[Dbg] [SystemManager.cc:80] [0m[1;36mLoaded system [[0m[1;36mgz::sim::systems::SceneBroadcaster[0m[1;36m] for entity [[0m[1;36m1[0m[1;36m][0m[1;36m[0m
[gzserver-2] [1;33m[Wrn] [SystemLoader.cc:75] [0m[1;33mTrying to load deprecated plugin [[0m[1;33mignition-gazebo-sensors-system[0m[1;33m]. Using [[0m[1;33mgz-sim-sensors-system[0m[1;33m] instead.[0m[1;33m[0m
[gzserver-2] [1;36m[Dbg] [SystemManager.cc:80] [0m[1;36mLoaded system [[0m[1;36mgz::sim::systems::Contact[0m[1;36m] for entity [[0m[1;36m1[0m[1;36m][0m[1;36m[0m
[gzserver-2] [1;36m[Dbg] [Sensors.cc:697] [0m[1;36mConfiguring Sensors system[0m[1;36m[0m
[gzserver-2] [1;36m[Dbg] [Sensors.cc:557] [0m[1;36mSensorsPrivate::Run[0m[1;36m[0m
[gzserver-2] [1;36m[Dbg] [SystemManager.cc:80] [0m[1;36mLoaded system [[0m[1;36mgz::sim::systems::Sensors[0m[1;36m] for entity [[0m[1;36m1[0m[1;36m][0m[1;36m[0m
[gzserver-2] [1;36m[Dbg] [Sensors.cc:532] [0m[1;36mSensorsPrivate::RenderThread started[0m[1;36m[0m
[gzserver-2] [1;36m[Dbg] [Sensors.cc:337] [0m[1;36mWaiting for init[0m[1;36m[0m
[gzserver-2] [1;36m[Dbg] [SystemManager.cc:80] [0m[1;36mLoaded system [[0m[1;36mgz::sim::systems::ForceTorque[0m[1;36m] for entity [[0m[1;36m1[0m[1;36m][0m[1;36m[0m
[gzserver-2] [1;32m[Msg] [0m[1;32mLoaded level [[0m[1;32mdefault[0m[1;32m][0m[1;32m[0m
[gzserver-2] [1;32m[Msg] [0m[1;32mServing world controls on [[0m[1;32m/world/peg_in_hole_world[0m[1;32m/control], [[0m[1;32m/world/peg_in_hole_world[0m[1;32m/control/state] and [[0m[1;32m/world/peg_in_hole_world[0m[1;32m/playback/control][0m[1;32m[0m
[gzserver-2] [1;32m[Msg] [0m[1;32mServing GUI information on [[0m[1;32m/world/peg_in_hole_world[0m[1;32m/[0m[1;32mgui/info[0m[1;32m][0m[1;32m[0m
[gzserver-2] [1;32m[Msg] [0m[1;32mWorld [[0m[1;32mpeg_in_hole_world[0m[1;32m] initialized with [[0m[1;32m1ms[0m[1;32m] physics profile.[0m[1;32m[0m
[gzserver-2] [1;32m[Msg] [0m[1;32mServing world SDF generation service on [[0m[1;32m/world/peg_in_hole_world[0m[1;32m/[0m[1;32mgenerate_world_sdf[0m[1;32m][0m[1;32m[0m
[gzserver-2] [1;32m[Msg] [0m[1;32mServing world names on [[0m[1;32m/gazebo/worlds[0m[1;32m][0m[1;32m[0m
[gzserver-2] [1;32m[Msg] [0m[1;32mResource path add service on [[0m[1;32m/gazebo/resource_paths/add[0m[1;32m].[0m[1;32m[0m
[gzserver-2] [1;32m[Msg] [0m[1;32mResource path get service on [[0m[1;32m/gazebo/resource_paths/get[0m[1;32m].[0m[1;32m[0m
[gzserver-2] [1;32m[Msg] [0m[1;32mResource path resolve service on [[0m[1;32m/gazebo/resource_paths/resolve[0m[1;32m].[0m[1;32m[0m
[gzserver-2] [1;32m[Msg] [0m[1;32mResource paths published on [[0m[1;32m/gazebo/resource_paths[0m[1;32m].[0m[1;32m[0m
[gzserver-2] [1;32m[Msg] [0m[1;32mServer control service on [[0m[1;32m/server_control[0m[1;32m].[0m[1;32m[0m
[gzserver-2] [1;32m[Msg] [0m[1;32mFound no publishers on /stats, adding root stats topic[0m[1;32m[0m
[gzserver-2] [1;32m[Msg] [0m[1;32mFound no publishers on /clock, adding root clock topic[0m[1;32m[0m
[gzserver-2] [1;36m[Dbg] [SimulationRunner.cc:551] [0m[1;36mCreating PostUpdate worker threads: [0m[1;36m5[0m[1;36m[0m
[gzserver-2] [1;36m[Dbg] [SimulationRunner.cc:562] [0m[1;36mCreating postupdate worker thread ([0m[1;36m0[0m[1;36m)[0m[1;36m[0m
[gzserver-2] [1;36m[Dbg] [SimulationRunner.cc:562] [0m[1;36mCreating postupdate worker thread ([0m[1;36m1[0m[1;36m)[0m[1;36m[0m
[gzserver-2] [1;36m[Dbg] [SimulationRunner.cc:562] [0m[1;36mCreating postupdate worker thread ([0m[1;36m2[0m[1;36m)[0m[1;36m[0m
[gzserver-2] [1;36m[Dbg] [SimulationRunner.cc:562] [0m[1;36mCreating postupdate worker thread ([0m[1;36m3[0m[1;36m)[0m[1;36m[0m
[gzserver-2] [1;33mWarning [Utils.cc:132][0m [/sdf/model[@name="lbr_iisy6_r1300_research_gripper"]/joint[@name="joint_1"]/axis/initial_position:<data-string>:L64]: XML Element[initial_position], child of element[axis], not defined in SDF. Copying[initial_position] as children of [axis].
[gzserver-2] [1;33mWarning [Utils.cc:132][0m [/sdf/model[@name="lbr_iisy6_r1300_research_gripper"]/joint[@name="joint_2"]/axis/initial_position:<data-string>:L121]: XML Element[initial_position], child of element[axis], not defined in SDF. Copying[initial_position] as children of [axis].
[gzserver-2] [1;33mWarning [Utils.cc:132][0m [/sdf/model[@name="lbr_iisy6_r1300_research_gripper"]/joint[@name="joint_3"]/axis/initial_position:<data-string>:L178]: XML Element[initial_position], child of element[axis], not defined in SDF. Copying[initial_position] as children of [axis].
[gzserver-2] [1;33mWarning [Utils.cc:132][0m [/sdf/model[@name="lbr_iisy6_r1300_research_gripper"]/joint[@name="joint_4"]/axis/initial_position:<data-string>:L235]: XML Element[initial_position], child of element[axis], not defined in SDF. Copying[initial_position] as children of [axis].
[gzserver-2] [1;33mWarning [Utils.cc:132][0m [/sdf/model[@name="lbr_iisy6_r1300_research_gripper"]/joint[@name="joint_5"]/axis/initial_position:<data-string>:L292]: XML Element[initial_position], child of element[axis], not defined in SDF. Copying[initial_position] as children of [axis].
[gzserver-2] [1;33mWarning [Utils.cc:132][0m [/sdf/model[@name="lbr_iisy6_r1300_research_gripper"]/joint[@name="joint_6"]/axis/initial_position:<data-string>:L349]: XML Element[initial_position], child of element[axis], not defined in SDF. Copying[initial_position] as children of [axis].
[spawn_robot_sdf-3] [INFO] [1780340352.463489970] [ros_gz_sim]: Requesting list of world names.
[spawn_robot_sdf-3] [INFO] [1780340355.769692131] [ros_gz_sim]: Entity creation successful.
[spawn_robot_sdf-3] 
[INFO] [spawn_robot_sdf-3]: process has finished cleanly [pid 12274]
[INFO] [spawner-8]: process started with pid [12420]
[gzserver-2] [INFO] [1780340356.232402167] [gz_ros_control]: [gz_ros2_control] Fixed joint [world-base_link] (Entity=86)] is skipped
[gzserver-2] [INFO] [1780340356.324280276] [gz_ros_control]: Loading controller_manager
[gzserver-2] [INFO] [1780340356.454791404] [controller_manager]: Using ROS clock for triggering controller manager cycles.
[gzserver-2] [INFO] [1780340356.500792408] [controller_manager]: Subscribing to '/robot_description' topic for robot description.
[gzserver-2] [WARN] [1780340356.508130993] [gz_ros_control]: Waiting RM to load and initialize hardware...
[gzserver-2] [INFO] [1780340356.512492184] [controller_manager]: Received robot description from topic.
[gzserver-2] [INFO] [1780340356.512583684] [controller_manager]: Enforcing command limits is disabled. Command limits from URDF will be ignored.
[gzserver-2] [INFO] [1780340356.526520755] [gz_ros_control]: The position_proportional_gain has been set to: 1000
[gzserver-2] [INFO] [1780340356.526676954] [gz_ros_control]: Loading joint: joint_1
[gzserver-2] [INFO] [1780340356.526719454] [gz_ros_control]: 	State:
[gzserver-2] [INFO] [1780340356.526732754] [gz_ros_control]: 		 position
[gzserver-2] [INFO] [1780340356.526765954] [gz_ros_control]: 			 found initial value: 0.000000
[gzserver-2] [INFO] [1780340356.526775354] [gz_ros_control]: 	Command:
[gzserver-2] [INFO] [1780340356.526779154] [gz_ros_control]: 		 position
[gzserver-2] [INFO] [1780340356.526793654] [gz_ros_control]: Loading joint: joint_2
[gzserver-2] [INFO] [1780340356.526797554] [gz_ros_control]: 	State:
[gzserver-2] [INFO] [1780340356.526800654] [gz_ros_control]: 		 position
[gzserver-2] [INFO] [1780340356.526812454] [gz_ros_control]: 			 found initial value: -0.800000
[gzserver-2] [INFO] [1780340356.526821354] [gz_ros_control]: 	Command:
[gzserver-2] [INFO] [1780340356.526824854] [gz_ros_control]: 		 position
[gzserver-2] [INFO] [1780340356.526837054] [gz_ros_control]: Loading joint: joint_3
[gzserver-2] [INFO] [1780340356.526840854] [gz_ros_control]: 	State:
[gzserver-2] [INFO] [1780340356.526843954] [gz_ros_control]: 		 position
[gzserver-2] [INFO] [1780340356.526848454] [gz_ros_control]: 			 found initial value: 1.200000
[gzserver-2] [INFO] [1780340356.526852654] [gz_ros_control]: 	Command:
[gzserver-2] [INFO] [1780340356.526855554] [gz_ros_control]: 		 position
[gzserver-2] [INFO] [1780340356.526864954] [gz_ros_control]: Loading joint: joint_4
[gzserver-2] [INFO] [1780340356.526868554] [gz_ros_control]: 	State:
[gzserver-2] [INFO] [1780340356.526871654] [gz_ros_control]: 		 position
[gzserver-2] [INFO] [1780340356.526875354] [gz_ros_control]: 			 found initial value: 0.000000
[gzserver-2] [INFO] [1780340356.526878954] [gz_ros_control]: 	Command:
[gzserver-2] [INFO] [1780340356.526882054] [gz_ros_control]: 		 position
[gzserver-2] [INFO] [1780340356.526890454] [gz_ros_control]: Loading joint: joint_5
[gzserver-2] [INFO] [1780340356.526893954] [gz_ros_control]: 	State:
[gzserver-2] [INFO] [1780340356.526896954] [gz_ros_control]: 		 position
[gzserver-2] [INFO] [1780340356.526901254] [gz_ros_control]: 			 found initial value: 0.800000
[gzserver-2] [INFO] [1780340356.526905354] [gz_ros_control]: 	Command:
[gzserver-2] [INFO] [1780340356.526908454] [gz_ros_control]: 		 position
[gzserver-2] [INFO] [1780340356.526938854] [gz_ros_control]: Loading joint: joint_6
[gzserver-2] [INFO] [1780340356.526950154] [gz_ros_control]: 	State:
[gzserver-2] [INFO] [1780340356.526959154] [gz_ros_control]: 		 position
[gzserver-2] [INFO] [1780340356.526967554] [gz_ros_control]: 			 found initial value: 0.000000
[gzserver-2] [INFO] [1780340356.526972254] [gz_ros_control]: 	Command:
[gzserver-2] [INFO] [1780340356.526981554] [gz_ros_control]: 		 position
[gzserver-2] [INFO] [1780340356.527065354] [gz_ros_control]: Loading sensor: ft_sensor
[gzserver-2] [INFO] [1780340356.527078754] [gz_ros_control]: 	State:
[gzserver-2] [INFO] [1780340356.527196653] [controller_manager]: Initialize hardware 'lbr_iisy6_r1300' 
[gzserver-2] [WARN] [1780340356.527221153] [controller_manager.hardware_component.system.lbr_iisy6_r1300]: Executor is not available during hardware component initialization for 'lbr_iisy6_r1300'. Skipping node creation!
[gzserver-2] [INFO] [1780340356.527274953] [controller_manager]: Successful initialization of hardware 'lbr_iisy6_r1300'
[gzserver-2] [INFO] [1780340356.527382553] [controller_manager]: Activating component 'lbr_iisy6_r1300'.
[gzserver-2] [INFO] [1780340356.527425453] [resource_manager]: 'configure' hardware 'lbr_iisy6_r1300' 
[gzserver-2] [INFO] [1780340356.527436753] [gz_ros_control]: System Successfully configured!
[gzserver-2] [INFO] [1780340356.527448853] [resource_manager]: Successful 'configure' of hardware 'lbr_iisy6_r1300'
[gzserver-2] [INFO] [1780340356.527455253] [resource_manager]: 'activate' hardware 'lbr_iisy6_r1300' 
[gzserver-2] [INFO] [1780340356.527509253] [resource_manager]: Successful 'activate' of hardware 'lbr_iisy6_r1300'
[gzserver-2] [WARN] [1780340356.527596652] [controller_manager]: Component 'lbr_iisy6_r1300' does not have read or write statistics initialized, skipping registration.
[gzserver-2] [INFO] [1780340356.527611752] [controller_manager]: Resource Manager has been successfully initialized. Starting Controller Manager services...
[gzserver-2] [INFO] [1780340356.721716648] [controller_manager]: Loading controller : 'joint_state_broadcaster' of type 'joint_state_broadcaster/JointStateBroadcaster'
[gzserver-2] [INFO] [1780340356.721823048] [controller_manager]: Loading controller 'joint_state_broadcaster'
[gzserver-2] [INFO] [1780340356.766941754] [controller_manager]: Controller 'joint_state_broadcaster' node arguments: --ros-args --params-file /home/omar/code/robotics_project/ros2_ws/install/kuka_resources/share/kuka_resources/config/fake_hardware_config_6_axis.yaml -p use_sim_time:=true --param use_sim_time:=true 
[spawner-8] [INFO] [1780340356.798808788] [joint_state_broadcaster_spawner]: Loaded joint_state_broadcaster
[gzserver-2] [INFO] [1780340356.800393084] [controller_manager]: Configuring controller: 'joint_state_broadcaster'
[gzserver-2] [INFO] [1780340356.800610884] [joint_state_broadcaster]: 'joints' or 'interfaces' parameter is empty. All available state interfaces will be published
[gzserver-2] [INFO] [1780340356.859406061] [controller_manager]: Activating controllers: [ joint_state_broadcaster ]
[gzserver-2] [1;36m[Dbg] [SystemManager.cc:80] [0m[1;36mLoaded system [[0m[1;36mgz_ros2_control::GazeboSimROS2ControlPlugin[0m[1;36m] for entity [[0m[1;36m53[0m[1;36m][0m[1;36m[0m
[gzserver-2] [1;36m[Dbg] [UserCommands.cc:1094] [0m[1;36mCreated entity [[0m[1;36m53[0m[1;36m] named [[0m[1;36mlbr_iisy6_r1300[0m[1;36m][0m[1;36m[0m
[gzserver-2] [1;32m[Msg] [0m[1;32mContact system publishing on [0m[1;32mworld/peg_in_hole_world/model/hole_fixture/link/fixture_link/sensor/hole_contact_sensor/contact[0m[1;32m[0m
[gzserver-2] [1;32m[Msg] [0m[1;32mContact system publishing on [0m[1;32mworld/peg_in_hole_world/model/target_plate/link/plate_link/sensor/target_contact_sensor/contact[0m[1;32m[0m
[gzserver-2] [1;36m[Dbg] [SDFFeatures.cc:332] [0m[1;36mMesh construction from an SDF has not been implemented yet for [0m[1;36mdartsim. Use AttachMeshShapeFeature to use mesh shapes.[0m
[gzserver-2] [1;36m[Dbg] [SDFFeatures.cc:864] [0m[1;36mThe geometry element of collision [[0m[1;36mbase_link_collision[0m[1;36m] [0m[1;36mcouldn't be created[0m
[gzserver-2] [1;36m[Dbg] [SDFFeatures.cc:332] [0m[1;36mMesh construction from an SDF has not been implemented yet for [0m[1;36mdartsim. Use AttachMeshShapeFeature to use mesh shapes.[0m
[gzserver-2] [1;36m[Dbg] [SDFFeatures.cc:864] [0m[1;36mThe geometry element of collision [[0m[1;36mlink_1_collision[0m[1;36m] [0m[1;36mcouldn't be created[0m
[gzserver-2] [1;36m[Dbg] [SDFFeatures.cc:332] [0m[1;36mMesh construction from an SDF has not been implemented yet for [0m[1;36mdartsim. Use AttachMeshShapeFeature to use mesh shapes.[0m
[gzserver-2] [1;36m[Dbg] [SDFFeatures.cc:864] [0m[1;36mThe geometry element of collision [[0m[1;36mlink_2_collision[0m[1;36m] [0m[1;36mcouldn't be created[0m
[gzserver-2] [1;36m[Dbg] [SDFFeatures.cc:332] [0m[1;36mMesh construction from an SDF has not been implemented yet for [0m[1;36mdartsim. Use AttachMeshShapeFeature to use mesh shapes.[0m
[gzserver-2] [1;36m[Dbg] [SDFFeatures.cc:864] [0m[1;36mThe geometry element of collision [[0m[1;36mlink_3_collision[0m[1;36m] [0m[1;36mcouldn't be created[0m
[gzserver-2] [1;36m[Dbg] [SDFFeatures.cc:332] [0m[1;36mMesh construction from an SDF has not been implemented yet for [0m[1;36mdartsim. Use AttachMeshShapeFeature to use mesh shapes.[0m
[gzserver-2] [1;36m[Dbg] [SDFFeatures.cc:864] [0m[1;36mThe geometry element of collision [[0m[1;36mlink_4_collision[0m[1;36m] [0m[1;36mcouldn't be created[0m
[gzserver-2] [1;36m[Dbg] [SDFFeatures.cc:332] [0m[1;36mMesh construction from an SDF has not been implemented yet for [0m[1;36mdartsim. Use AttachMeshShapeFeature to use mesh shapes.[0m
[gzserver-2] [1;36m[Dbg] [SDFFeatures.cc:864] [0m[1;36mThe geometry element of collision [[0m[1;36mlink_5_collision[0m[1;36m] [0m[1;36mcouldn't be created[0m
[gzserver-2] [1;36m[Dbg] [SDFFeatures.cc:332] [0m[1;36mMesh construction from an SDF has not been implemented yet for [0m[1;36mdartsim. Use AttachMeshShapeFeature to use mesh shapes.[0m
[gzserver-2] [1;36m[Dbg] [SDFFeatures.cc:864] [0m[1;36mThe geometry element of collision [[0m[1;36mlink_6_collision[0m[1;36m] [0m[1;36mcouldn't be created[0m
[gzserver-2] [1;36m[Dbg] [Sensors.cc:953] [0m[1;36mInitialization needed[0m[1;36m[0m
[gzserver-2] [1;36m[Dbg] [Sensors.cc:349] [0m[1;36mInitializing render context[0m[1;36m[0m
[gzserver-2] [1;32m[Msg] [0m[1;32mLoading plugin [[0m[1;32mgz-rendering-ogre[0m[1;32m][0m[1;32m[0m
[gzserver-2] [1;32m[Msg] [0m[1;32mServing scene information on [[0m[1;32m/world/peg_in_hole_world[0m[1;32m/[0m[1;32mscene/info[0m[1;32m][0m[1;32m[0m
[gzserver-2] [1;32m[Msg] [0m[1;32mServing graph information on [[0m[1;32m/world/peg_in_hole_world[0m[1;32m/[0m[1;32mscene/graph[0m[1;32m][0m[1;32m[0m
[gzserver-2] [1;32m[Msg] [0m[1;32mServing full state on [[0m[1;32m/world/peg_in_hole_world[0m[1;32m/[0m[1;32mstate[0m[1;32m][0m[1;32m[0m
[gzserver-2] [1;32m[Msg] [0m[1;32mServing full state (async) on [[0m[1;32m/world/peg_in_hole_world[0m[1;32m/[0m[1;32mstate_async[0m[1;32m][0m[1;32m[0m
[gzserver-2] [1;32m[Msg] [0m[1;32mPublishing scene information on [[0m[1;32m/world/peg_in_hole_world/scene/info[0m[1;32m][0m[1;32m[0m
[gzserver-2] [WARN] [1780340358.766642589] [gz_ros_control]:  Desired controller update period (0.02 s) is slower than the gazebo simulation period (0.001 s).
[gzserver-2] [1;32m[Msg] [0m[1;32mPublishing entity deletions on [[0m[1;32m/world/peg_in_hole_world/scene/deletion[0m[1;32m][0m[1;32m[0m
[gzserver-2] [1;32m[Msg] [0m[1;32mPublishing state changes on [[0m[1;32m/world/peg_in_hole_world/state[0m[1;32m][0m[1;32m[0m
[gzserver-2] [1;32m[Msg] [0m[1;32mPublishing pose messages on [[0m[1;32m/world/peg_in_hole_world[0m[1;32m/[0m[1;32mpose/info[0m[1;32m][0m[1;32m[0m
[gzserver-2] [1;32m[Msg] [0m[1;32mPublishing dynamic pose messages on [[0m[1;32m/world/peg_in_hole_world[0m[1;32m/[0m[1;32mdynamic_pose/info[0m[1;32m][0m[1;32m[0m
[gzserver-2] [1;36m[Dbg] [SimulationRunner.cc:578] [0m[1;36mExiting postupdate worker thread ([Dbg] [SimulationRunner.cc:578] [0m[1;36mExiting postupdate worker thread ([0m[1;36mExiting postupdate worker thread ([0m[1;36m0[0m[1;36m2[0m[1;36m)[0m[1;36m))[0m[1;36m[0m
[gzserver-2] [1;36m[0m
[gzserver-2] [1;36m0[Dbg] [SimulationRunner.cc:578] [0m[1;36mExiting postupdate worker thread ([0m[1;36m3[0m[1;36mExiting postupdate worker thread ()[0m[1;36m[0m
[gzserver-2] [1;36m1[0m[1;36m)[0m[1;36m[0m
[gzserver-2] [1;36m[Dbg] [SimulationRunner.cc:551] [0m[1;36mCreating PostUpdate worker threads: [0m[1;36m6[0m[1;36m[0m
[gzserver-2] [1;36m[Dbg] [SimulationRunner.cc:562] [0m[1;36mCreating postupdate worker thread ([0m[1;36m0[0m[1;36m)[0m[1;36m[0m
[gzserver-2] [1;36m[Dbg] [SimulationRunner.cc:562] [0m[1;36mCreating postupdate worker thread ([0m[1;36m1[0m[1;36m)[0m[1;36m[0m
[gzserver-2] [1;36m[Dbg] [SimulationRunner.cc:562] [0m[1;36mCreating postupdate worker thread ([0m[1;36m2[0m[1;36m)[0m[1;36m[0m
[gzserver-2] [1;36m[Dbg] [SimulationRunner.cc:562] [0m[1;36mCreating postupdate worker thread ([0m[1;36m3[0m[1;36m)[0m[1;36m[0m
[gzserver-2] [1;36m[Dbg] [SimulationRunner.cc:562] [0m[1;36mCreating postupdate worker thread ([0m[1;36m4[0m[1;36m)[0m[1;36m[0m
[gzserver-2] [1;36m[Dbg] [ForceTorque.cc:154] [0m[1;36mAdding JointTransmittedWrench to: [0m[1;36m93[0m[1;36m[0m
[gzserver-2] [1;36m[Dbg] [EntityComponentManager.cc:1656] [0m[1;36mUpdated state thread iterators: [0m[1;36m8[0m[1;36m threads processing around [0m[1;36m12[0m[1;36m entities each.[0m[1;36m[0m
[gzserver-2] [1;33m[Wrn] [Component.hh:127] [0m[1;33mTrying to serialize component with data type [[0m[1;33mSt10shared_ptrIN3sdf3v147ElementEE[0m[1;33m], which doesn't have [0m[1;33m`operator<<`. Component will not be serialized.[0m[1;33m[0m
[gzserver-2] [1;33m[Wrn] [Component.hh:127] [0m[1;33mTrying to serialize component with data type [[0m[1;33mSt10shared_ptrIN3sdf3v147ElementEE[0m[1;33m], which doesn't have [0m[1;33m`operator<<`. Component will not be serialized.[0m[1;33m[0m
[gzserver-2] [1;33m[Wrn] [Component.hh:172] [0m[1;33mTrying to deserialize component with data type [[0m[1;33mSt10shared_ptrIN3sdf3v147ElementEE[0m[1;33m], which doesn't have [0m[1;33m`operator>>`. Component will not be deserialized.[0m[1;33m[0m
[gzserver-2] [1;33mWarning [Utils.cc:132][0m [/sdf/model[@name="lbr_iisy6_r1300_research_gripper"]/joint[@name="joint_1"]/axis/initial_position:<data-string>:L62]: XML Element[initial_position], child of element[axis], not defined in SDF. Copying[initial_position] as children of [axis].
[gzserver-2] [1;33mWarning [Utils.cc:132][0m [/sdf/model[@name="lbr_iisy6_r1300_research_gripper"]/joint[@name="joint_2"]/axis/initial_position:<data-string>:L120]: XML Element[initial_position], child of element[axis], not defined in SDF. Copying[initial_position] as children of [axis].
[gzserver-2] [1;33mWarning [Utils.cc:132][0m [/sdf/model[@name="lbr_iisy6_r1300_research_gripper"]/joint[@name="joint_3"]/axis/initial_position:<data-string>:L178]: XML Element[initial_position], child of element[axis], not defined in SDF. Copying[initial_position] as children of [axis].
[gzserver-2] [1;33mWarning [Utils.cc:132][0m [/sdf/model[@name="lbr_iisy6_r1300_research_gripper"]/joint[@name="joint_4"]/axis/initial_position:<data-string>:L236]: XML Element[initial_position], child of element[axis], not defined in SDF. Copying[initial_position] as children of [axis].
[gzserver-2] [1;33mWarning [Utils.cc:132][0m [/sdf/model[@name="lbr_iisy6_r1300_research_gripper"]/joint[@name="joint_5"]/axis/initial_position:<data-string>:L294]: XML Element[initial_position], child of element[axis], not defined in SDF. Copying[initial_position] as children of [axis].
[gzserver-2] [1;33mWarning [Utils.cc:132][0m [/sdf/model[@name="lbr_iisy6_r1300_research_gripper"]/joint[@name="joint_6"]/axis/initial_position:<data-string>:L352]: XML Element[initial_position], child of element[axis], not defined in SDF. Copying[initial_position] as children of [axis].
[gzserver-2] [INFO] [1780340359.281348617] [gzserver]: InitializeCanonicalLinks
[gzserver-2] [INFO] [1780340359.281623816] [gzserver]: Creating services on gzserver
[gzserver-2] [INFO] [1780340360.457185968] [gzserver]: Created service /gzserver/delete_entity
[gzserver-2] [INFO] [1780340360.458790364] [gzserver]: Created service /gzserver/get_entities
[gzserver-2] [INFO] [1780340360.460076262] [gzserver]: Created service /gzserver/get_entity_info
[gzserver-2] [INFO] [1780340360.461603259] [gzserver]: Created service /gzserver/get_entity_state
[gzserver-2] [INFO] [1780340360.462840756] [gzserver]: Created service /gzserver/get_entities_states
[gzserver-2] [INFO] [1780340360.464174153] [gzserver]: Created service /gzserver/get_simulation_state
[gzserver-2] [INFO] [1780340360.465307051] [gzserver]: Created service /gzserver/get_simulator_features
[gzserver-2] [INFO] [1780340360.466645848] [gzserver]: Created service /gzserver/reset_simulation
[gzserver-2] [INFO] [1780340360.468161845] [gzserver]: Created service /gzserver/set_entity_state
[gzserver-2] [INFO] [1780340360.509001260] [gzserver]: Created service /gzserver/set_simulation_state
[gzserver-2] [INFO] [1780340360.510765756] [gzserver]: Created service /gzserver/spawn_entity
[gzserver-2] [INFO] [1780340360.512083053] [gzserver]: Created service /gzserver/step_simulation
[gzserver-2] [INFO] [1780340360.585630800] [gzserver]: Created action /gzserver/simulate_steps
[gzserver-2] [INFO] [1780340362.524616262] [gz_ros_control]: ForceTorque ft_sensor has a topic name: world/peg_in_hole_world/model/lbr_iisy6_r1300/joint/ft_sensor_joint/sensor/ft_sensor/forcetorque
[gzserver-2] [INFO] [1780340362.525015061] [controller_manager]: Successfully switched controllers!
[spawner-8] [INFO] [1780340362.584920736] [joint_state_broadcaster_spawner]: Configured and activated joint_state_broadcaster
[INFO] [spawner-8]: process has finished cleanly [pid 12420]
[INFO] [spawner-9]: process started with pid [12488]
[spawner-9] [INFO] [1780340363.182330692] [joint_trajectory_controller_spawner]: waiting for service /controller_manager/list_controllers to become available...
[gzserver-2] [1;36m[Dbg] [RenderUtil.cc:2646] [0m[1;36mCreate scene [[0m[1;36mscene[0m[1;36m][0m[1;36m[0m
[gzserver-2] [1;36m[Dbg] [Sensors.cc:391] [0m[1;36mRendering Thread initialized[0m[1;36m[0m
[gzserver-2] [1;36m[Dbg] [Sensors.cc:953] [0m[1;36mInitialization needed[0m[1;36m[0m
[gzserver-2] [1;36m[Dbg] [CameraSensor.cc:405] [0m[1;36mCamera images for [[0m[1;36md405_rgbd_camera::camera_link::d405_color[0m[1;36m] advertised on [[0m[1;36m/d405/color/image_raw[0m[1;36m][0m[1;36m[0m
[gzserver-2] [1;36m[Dbg] [CameraSensor.cc:695] [0m[1;36mCamera info for [[0m[1;36md405_rgbd_camera::camera_link::d405_color[0m[1;36m] advertised on [[0m[1;36m/d405/color/camera_info[0m[1;36m][0m[1;36m[0m
[gzserver-2] [1;36m[Dbg] [DepthCameraSensor.cc:283] [0m[1;36mDepth images for [[0m[1;36md405_rgbd_camera::camera_link::d405_depth[0m[1;36m] advertised on [[0m[1;36m/d405/depth/image_rect_raw[0m[1;36m][0m[1;36m[0m
[gzserver-2] [1;36m[Dbg] [CameraSensor.cc:695] [0m[1;36mCamera info for [[0m[1;36md405_rgbd_camera::camera_link::d405_depth[0m[1;36m] advertised on [[0m[1;36m/d405/depth/camera_info[0m[1;36m][0m[1;36m[0m
[gzserver-2] [1;36m[Dbg] [DepthCameraSensor.cc:311] [0m[1;36mPoints for [[0m[1;36md405_rgbd_camera::camera_link::d405_depth[0m[1;36m] advertised on [[0m[1;36m/d405/depth/image_rect_raw[0m[1;36m/points][0m[1;36m[0m
[gzserver-2] [1;36m[Dbg] [CameraSensor.cc:504] [0m[1;36mEnabling camera sensor: '[0m[1;36md405_rgbd_camera::camera_link::d405_color[0m[1;36m' data [0m[1;36mgeneration.[0m[1;36m[0m
[gzserver-2] [INFO] [1780340366.268148291] [controller_manager]: Loading controller : 'joint_trajectory_controller' of type 'joint_trajectory_controller/JointTrajectoryController'
[gzserver-2] [INFO] [1780340366.268213690] [controller_manager]: Loading controller 'joint_trajectory_controller'
[gzserver-2] [INFO] [1780340366.308293107] [controller_manager]: Controller 'joint_trajectory_controller' node arguments: --ros-args --params-file /home/omar/code/robotics_project/ros2_ws/install/kuka_resources/share/kuka_resources/config/fake_hardware_config_6_axis.yaml -p use_sim_time:=true --param use_sim_time:=true 
[spawner-9] [INFO] [1780340366.369558880] [joint_trajectory_controller_spawner]: Loaded joint_trajectory_controller
[gzserver-2] [INFO] [1780340366.452247709] [controller_manager]: Configuring controller: 'joint_trajectory_controller'
[gzserver-2] [INFO] [1780340366.452501508] [joint_trajectory_controller]: No specific joint names are used for command interfaces. Using 'joints' parameter.
[gzserver-2] [INFO] [1780340366.452561008] [joint_trajectory_controller]: Command interfaces are [position] and state interfaces are [position].
[gzserver-2] [INFO] [1780340366.452592108] [joint_trajectory_controller]: Using 'splines' interpolation method.
[gzserver-2] [INFO] [1780340366.456197101] [joint_trajectory_controller]: Action status changes will be monitored at 20.00 Hz.
[gzserver-2] [INFO] [1780340366.469077774] [joint_trajectory_controller]: Setting initial scaling factor to 1.000000
[gzserver-2] [INFO] [1780340366.469128174] [joint_trajectory_controller]: No scaling interface set. This controller will not read speed scaling from the hardware.
[gzserver-2] [INFO] [1780340366.502700904] [controller_manager]: Activating controllers: [ joint_trajectory_controller ]
[gzserver-2] [INFO] [1780340366.563517378] [controller_manager]: Successfully switched controllers!
[spawner-9] [INFO] [1780340366.626196048] [joint_trajectory_controller_spawner]: Configured and activated joint_trajectory_controller
[INFO] [spawner-9]: process has finished cleanly [pid 12488]
[INFO] [admittance_insertion_node-10]: process started with pid [12506]
[admittance_insertion_node-10] [INFO] [1780340367.352892341] [admittance_insertion_node]: AdmittanceInsertionNode v2 (honest tracking).  contact_threshold=5.0 N, safety_threshold=350.0 N, control_rate=10.0 Hz, approach_speed=0.010
[admittance_insertion_node-10] [INFO] [1780340369.330264142] [admittance_insertion_node]: State transition: IDLE -> MOVING_TO_START
[admittance_insertion_node-10] [INFO] [1780340369.703835567] [admittance_insertion_node]: MOVING_TO_START: trajectory published. duration=22.0s, waypoints=10, dist=0.7336
[admittance_insertion_node-10] [INFO] [1780340369.705498864] [admittance_insertion_node]: MOVING_TO_START t=0.0s  peg=(0.850, 0.261, 1.120)  cart_err=0.613  stable=0/5
[admittance_insertion_node-10] [INFO] [1780340374.530639704] [admittance_insertion_node]: MOVING_TO_START t=5.0s  peg=(0.864, 0.274, 1.069)  cart_err=0.614  stable=0/5
[admittance_insertion_node-10] [INFO] [1780340379.530709611] [admittance_insertion_node]: MOVING_TO_START t=10.0s  peg=(0.760, 0.211, 1.002)  cart_err=0.490  stable=0/5
[admittance_insertion_node-10] [INFO] [1780340384.530667548] [admittance_insertion_node]: MOVING_TO_START t=15.0s  peg=(0.732, 0.145, 0.894)  cart_err=0.405  stable=0/5
[admittance_insertion_node-10] [INFO] [1780340389.530526365] [admittance_insertion_node]: MOVING_TO_START t=20.0s  peg=(0.810, 0.129, 0.945)  cart_err=0.443  stable=0/5
[admittance_insertion_node-10] [INFO] [1780340394.530640778] [admittance_insertion_node]: MOVING_TO_START t=25.0s  peg=(0.716, 0.143, 0.926)  cart_err=0.397  stable=0/5
[admittance_insertion_node-10] [INFO] [1780340399.530656124] [admittance_insertion_node]: MOVING_TO_START t=30.0s  peg=(0.814, 0.155, 1.037)  cart_err=0.486  stable=0/5
[admittance_insertion_node-10] [INFO] [1780340404.530672471] [admittance_insertion_node]: MOVING_TO_START t=35.0s  peg=(0.601, 0.086, 0.939)  cart_err=0.303  stable=0/5
[admittance_insertion_node-10] [INFO] [1780340409.530608329] [admittance_insertion_node]: MOVING_TO_START t=40.0s  peg=(0.630, 0.092, 0.950)  cart_err=0.319  stable=0/5
[admittance_insertion_node-10] [INFO] [1780340414.530539607] [admittance_insertion_node]: MOVING_TO_START t=45.0s  peg=(0.536, -0.031, 0.917)  cart_err=0.172  stable=0/5
[admittance_insertion_node-10] [INFO] [1780340419.530560828] [admittance_insertion_node]: MOVING_TO_START t=50.0s  peg=(0.563, 0.019, 0.915)  cart_err=0.225  stable=0/5
[admittance_insertion_node-10] [WARN] [1780340420.130919495] [admittance_insertion_node]: MOVING_TO_START degraded (50.6s at 0.119m, within grace 0.12m). Proceeding.
[admittance_insertion_node-10] [INFO] [1780340420.131608393] [admittance_insertion_node]: MOVING_TO_START complete. peg=(0.5580, -0.0902, 0.9104)  xy_error=0.1162m  cart_err=0.119m  joint_err=0.137rad  Fz=42.7N  baseline=18.7N
[admittance_insertion_node-10] [INFO] [1780340420.131919492] [admittance_insertion_node]: State transition: MOVING_TO_START -> APPROACH
[admittance_insertion_node-10] [INFO] [1780340420.234603166] [admittance_insertion_node]: APPROACH IK: current_pose=(-0.4096, ...) dist=0.2563  target_pose=[ 0.52 -0.2   0.83]  predicted_pose=(0.5200, -0.2000, 0.8300)
[admittance_insertion_node-10] [INFO] [1780340420.235527463] [admittance_insertion_node]: APPROACH: trajectory published. duration=15.0s, waypoints=5, dist=0.2563
[admittance_insertion_node-10] [INFO] [1780340420.236238461] [admittance_insertion_node]: APPROACH t=0.0s  peg=(0.4851, -0.0277, 0.9181)  cart_err=0.197  stable=0/5
[admittance_insertion_node-10] [INFO] [1780340425.230602708] [admittance_insertion_node]: APPROACH t=5.0s  peg=(0.4493, -0.0492, 0.9513)  cart_err=0.206  stable=0/5
[admittance_insertion_node-10] [INFO] [1780340430.230570537] [admittance_insertion_node]: APPROACH t=10.0s  peg=(0.4470, 0.0199, 0.9140)  cart_err=0.247  stable=0/5
[admittance_insertion_node-10] [INFO] [1780340435.230575193] [admittance_insertion_node]: APPROACH t=15.0s  peg=(0.5069, -0.0414, 0.9102)  cart_err=0.178  stable=0/5
[admittance_insertion_node-10] [INFO] [1780340440.230511369] [admittance_insertion_node]: APPROACH t=20.0s  peg=(0.4643, -0.0928, 0.8723)  cart_err=0.128  stable=0/5
[admittance_insertion_node-10] [INFO] [1780340445.230586374] [admittance_insertion_node]: APPROACH t=25.0s  peg=(0.5181, -0.0982, 0.8503)  cart_err=0.104  stable=0/5
[admittance_insertion_node-10] [INFO] [1780340450.230622144] [admittance_insertion_node]: APPROACH t=30.0s  peg=(0.5295, -0.1006, 0.8573)  cart_err=0.104  stable=0/5
[admittance_insertion_node-10] [WARN] [1780340450.231265043] [admittance_insertion_node]: APPROACH degraded (30.0s at 0.104m, within grace 0.12m). Proceeding.
[admittance_insertion_node-10] [INFO] [1780340450.231989041] [admittance_insertion_node]: APPROACH complete. peg=(0.5295, -0.1006, 0.8573)  xy_error=0.0999m  cart_err=0.104m  joint_err=0.112rad  Fz=30.1N  baseline=26.5N
[admittance_insertion_node-10] [WARN] [1780340450.232604740] [admittance_insertion_node]: Pre-insertion XY error 0.0999m exceeds tolerance 0.0020m. Attempting search phase.
[admittance_insertion_node-10] [INFO] [1780340450.232892840] [admittance_insertion_node]: State transition: APPROACH -> SEARCH
[admittance_insertion_node-10] [INFO] [1780340456.334876491] [admittance_insertion_node]: SEARCH step 1/8 radius=0.003m offset=(0.0030, 0.0000)m  q_dist=0.15015
[admittance_insertion_node-10] [INFO] [1780340462.434632660] [admittance_insertion_node]: SEARCH step 2/8 radius=0.003m offset=(0.0021, 0.0021)m  q_dist=0.08200
[admittance_insertion_node-10] [ERROR] [1780340466.630256238] [admittance_insertion_node]: Hard force abort: raw Fz 1164.3N exceeded 1000.0N in state SEARCH.
[admittance_insertion_node-10] [INFO] [1780340466.630809937] [admittance_insertion_node]: State transition: SEARCH -> ABORT
[admittance_insertion_node-10] [INFO] [1780340466.730464025] [admittance_insertion_node]: Retreating to SAFE_HOME. duration=6.1s
[WARNING] [launch]: user interrupted with ctrl-c (SIGINT)
[INFO] [admittance_insertion_node-10]: sending signal 'SIGINT' to process[admittance_insertion_node-10]
[INFO] [data_logger_node-7]: sending signal 'SIGINT' to process[data_logger_node-7]
[INFO] [bridge_node-6]: sending signal 'SIGINT' to process[bridge_node-6]
[INFO] [bridge_node-5]: sending signal 'SIGINT' to process[bridge_node-5]
[INFO] [bridge_node-4]: sending signal 'SIGINT' to process[bridge_node-4]
[INFO] [gzserver-2]: sending signal 'SIGINT' to process[gzserver-2]
[INFO] [robot_state_publisher-1]: sending signal 'SIGINT' to process[robot_state_publisher-1]
[admittance_insertion_node-10] [INFO] [1780340470.310845833] [admittance_insertion_node]: Keyboard interrupt - shutting down.
[admittance_insertion_node-10] Failed to publish log message to rosout: publisher's context is invalid, at ./src/rcl/publisher.c:423
[bridge_node-6] [INFO] [1780340470.311850631] [rclcpp]: signal_handler(SIGINT/SIGTERM)
[data_logger_node-7] [INFO] [1780340470.312930529] [data_logger_node]: Keyboard interrupt – shutting down.
[data_logger_node-7] Failed to publish log message to rosout: publisher's context is invalid, at ./src/rcl/publisher.c:423
[data_logger_node-7] [INFO] [1780340470.313342628] [data_logger_node]: CSV closed: /tmp/thesis_logs/insertion_log_20260601_215914.csv  (5803 rows written)
[data_logger_node-7] Failed to publish log message to rosout: publisher's context is invalid, at ./src/rcl/publisher.c:423
[bridge_node-4] [INFO] [1780340470.313775427] [rclcpp]: signal_handler(SIGINT/SIGTERM)
[bridge_node-5] [INFO] [1780340470.314124626] [rclcpp]: signal_handler(SIGINT/SIGTERM)
[robot_state_publisher-1] [INFO] [1780340470.315543524] [rclcpp]: signal_handler(SIGINT/SIGTERM)
[INFO] [robot_state_publisher-1]: process has finished cleanly [pid 12272]
[INFO] [admittance_insertion_node-10]: process has finished cleanly [pid 12506]
[INFO] [data_logger_node-7]: process has finished cleanly [pid 12278]
[ERROR] [bridge_node-4]: process has died [pid 12275, exit code -11, cmd '/opt/ros/jazzy/lib/ros_gz_bridge/bridge_node --ros-args --log-level info --ros-args -r __node:=ros_gz_bridge -r __ns:=/ --params-file /tmp/launch_params_abul0aaf'].
[ERROR] [bridge_node-6]: process has died [pid 12277, exit code -11, cmd '/opt/ros/jazzy/lib/ros_gz_bridge/bridge_node --ros-args -r __node:=ft_sensor_bridge --params-file /tmp/launch_params_a1cy715_ -r /world/peg_in_hole_world/model/lbr_iisy6_r1300/joint/ft_sensor_joint/sensor/ft_sensor/forcetorque:=/ft_sensor_wrench'].
[ERROR] [bridge_node-5]: process has died [pid 12276, exit code -11, cmd '/opt/ros/jazzy/lib/ros_gz_bridge/bridge_node --ros-args --log-level info --ros-args -r __node:=contact_ros_gz_bridge -r __ns:=/ --params-file /tmp/launch_params_pj1g90l3'].
[ERROR] [gzserver-2]: process[gzserver-2] failed to terminate '5' seconds after receiving 'SIGINT', escalating to 'SIGTERM'
[INFO] [gzserver-2]: sending signal 'SIGTERM' to process[gzserver-2]
[ERROR] [gzserver-2]: process has died [pid 12273, exit code -11, cmd '/opt/ros/jazzy/lib/ros_gz_sim/gzserver --ros-args --params-file /tmp/launch_params_8qm6n89v'].
